Archive member included to satisfy reference by file (symbol)

/Users/hakankilicaslan/.pico-sdk/toolchain/13_3_Rel1/bin/../lib/gcc/arm-none-eabi/13.3.1/thumb/v6-m/nofp/libgcc.a(_dvmd_tls.o)
                              CMakeFiles/RPPicoDS_pico_sdk.dir/Users/hakankilicaslan/.pico-sdk/sdk/2.1.0/src/rp2_common/pico_divider/divider_hardware.S.o (__aeabi_idiv0)
/Users/hakankilicaslan/.pico-sdk/toolchain/13_3_Rel1/bin/../lib/gcc/arm-none-eabi/13.3.1/../../../../arm-none-eabi/lib/thumb/v6-m/nofp/libg.a(libc_a-atoi.o)
                              CMakeFiles/RPPicoDS_pico_sdk.dir/buzzer.c.o (atoi)
/Users/hakankilicaslan/.pico-sdk/toolchain/13_3_Rel1/bin/../lib/gcc/arm-none-eabi/13.3.1/../../../../arm-none-eabi/lib/thumb/v6-m/nofp/libg.a(libc_a-calloc.o)
                              CMakeFiles/RPPicoDS_pico_sdk.dir/Users/hakankilicaslan/.pico-sdk/sdk/2.1.0/src/rp2_common/pico_malloc/malloc.c.o (calloc)
/Users/hakankilicaslan/.pico-sdk/toolchain/13_3_Rel1/bin/../lib/gcc/arm-none-eabi/13.3.1/../../../../arm-none-eabi/lib/thumb/v6-m/nofp/libg.a(libc_a-callocr.o)
                              /Users/hakankilicaslan/.pico-sdk/toolchain/13_3_Rel1/bin/../lib/gcc/arm-none-eabi/13.3.1/../../../../arm-none-eabi/lib/thumb/v6-m/nofp/libg.a(libc_a-calloc.o) (_calloc_r)
/Users/hakankilicaslan/.pico-sdk/toolchain/13_3_Rel1/bin/../lib/gcc/arm-none-eabi/13.3.1/../../../../arm-none-eabi/lib/thumb/v6-m/nofp/libg.a(libc_a-malloc.o)
                              CMakeFiles/RPPicoDS_pico_sdk.dir/Users/hakankilicaslan/.pico-sdk/sdk/2.1.0/src/rp2_common/pico_malloc/malloc.c.o (malloc)
/Users/hakankilicaslan/.pico-sdk/toolchain/13_3_Rel1/bin/../lib/gcc/arm-none-eabi/13.3.1/../../../../arm-none-eabi/lib/thumb/v6-m/nofp/libg.a(libc_a-mallocr.o)
                              /Users/hakankilicaslan/.pico-sdk/toolchain/13_3_Rel1/bin/../lib/gcc/arm-none-eabi/13.3.1/../../../../arm-none-eabi/lib/thumb/v6-m/nofp/libg.a(libc_a-callocr.o) (_malloc_r)
/Users/hakankilicaslan/.pico-sdk/toolchain/13_3_Rel1/bin/../lib/gcc/arm-none-eabi/13.3.1/../../../../arm-none-eabi/lib/thumb/v6-m/nofp/libg.a(libc_a-mlock.o)
                              /Users/hakankilicaslan/.pico-sdk/toolchain/13_3_Rel1/bin/../lib/gcc/arm-none-eabi/13.3.1/../../../../arm-none-eabi/lib/thumb/v6-m/nofp/libg.a(libc_a-mallocr.o) (__malloc_lock)
/Users/hakankilicaslan/.pico-sdk/toolchain/13_3_Rel1/bin/../lib/gcc/arm-none-eabi/13.3.1/../../../../arm-none-eabi/lib/thumb/v6-m/nofp/libg.a(libc_a-realloc.o)
                              CMakeFiles/RPPicoDS_pico_sdk.dir/Users/hakankilicaslan/.pico-sdk/sdk/2.1.0/src/rp2_common/pico_malloc/malloc.c.o (realloc)
/Users/hakankilicaslan/.pico-sdk/toolchain/13_3_Rel1/bin/../lib/gcc/arm-none-eabi/13.3.1/../../../../arm-none-eabi/lib/thumb/v6-m/nofp/libg.a(libc_a-reallocr.o)
                              /Users/hakankilicaslan/.pico-sdk/toolchain/13_3_Rel1/bin/../lib/gcc/arm-none-eabi/13.3.1/../../../../arm-none-eabi/lib/thumb/v6-m/nofp/libg.a(libc_a-realloc.o) (_realloc_r)
/Users/hakankilicaslan/.pico-sdk/toolchain/13_3_Rel1/bin/../lib/gcc/arm-none-eabi/13.3.1/../../../../arm-none-eabi/lib/thumb/v6-m/nofp/libg.a(libc_a-strtol.o)
                              /Users/hakankilicaslan/.pico-sdk/toolchain/13_3_Rel1/bin/../lib/gcc/arm-none-eabi/13.3.1/../../../../arm-none-eabi/lib/thumb/v6-m/nofp/libg.a(libc_a-atoi.o) (_strtol_r)
/Users/hakankilicaslan/.pico-sdk/toolchain/13_3_Rel1/bin/../lib/gcc/arm-none-eabi/13.3.1/../../../../arm-none-eabi/lib/thumb/v6-m/nofp/libg.a(libc_a-memcmp.o)
                              CMakeFiles/RPPicoDS_pico_sdk.dir/Users/hakankilicaslan/.pico-sdk/sdk/2.1.0/src/rp2_common/pico_atomic/atomic.c.o (memcmp)
/Users/hakankilicaslan/.pico-sdk/toolchain/13_3_Rel1/bin/../lib/gcc/arm-none-eabi/13.3.1/../../../../arm-none-eabi/lib/thumb/v6-m/nofp/libg.a(libc_a-memmove.o)
                              /Users/hakankilicaslan/.pico-sdk/toolchain/13_3_Rel1/bin/../lib/gcc/arm-none-eabi/13.3.1/../../../../arm-none-eabi/lib/thumb/v6-m/nofp/libg.a(libc_a-reallocr.o) (memmove)
/Users/hakankilicaslan/.pico-sdk/toolchain/13_3_Rel1/bin/../lib/gcc/arm-none-eabi/13.3.1/../../../../arm-none-eabi/lib/thumb/v6-m/nofp/libg.a(libc_a-strncmp.o)
                              CMakeFiles/RPPicoDS_pico_sdk.dir/buzzer.c.o (strncmp)
/Users/hakankilicaslan/.pico-sdk/toolchain/13_3_Rel1/bin/../lib/gcc/arm-none-eabi/13.3.1/../../../../arm-none-eabi/lib/thumb/v6-m/nofp/libg.a(libc_a-lcltime_r.o)
                              CMakeFiles/RPPicoDS_pico_sdk.dir/Users/hakankilicaslan/.pico-sdk/sdk/2.1.0/src/common/pico_util/datetime.c.o (localtime_r)
/Users/hakankilicaslan/.pico-sdk/toolchain/13_3_Rel1/bin/../lib/gcc/arm-none-eabi/13.3.1/../../../../arm-none-eabi/lib/thumb/v6-m/nofp/libg.a(libc_a-mktime.o)
                              CMakeFiles/RPPicoDS_pico_sdk.dir/Users/hakankilicaslan/.pico-sdk/sdk/2.1.0/src/common/pico_util/datetime.c.o (mktime)
[...]
Memory Configuration

Name             Origin             Length             Attributes
FLASH            0x10000000         0x00200000         xr
RAM              0x20000000         0x00040000         xrw
SCRATCH_X        0x20040000         0x00001000         xrw
SCRATCH_Y        0x20041000         0x00001000         xrw
*default*        0x00000000         0xffffffff

Linker script and memory map

LOAD /Users/hakankilicaslan/.pico-sdk/toolchain/13_3_Rel1/bin/../lib/gcc/arm-none-eabi/13.3.1/thumb/v6-m/nofp/crti.o
LOAD /Users/hakankilicaslan/.pico-sdk/toolchain/13_3_Rel1/bin/../lib/gcc/arm-none-eabi/13.3.1/thumb/v6-m/nofp/crtbegin.o
LOAD /Users/hakankilicaslan/.pico-sdk/toolchain/13_3_Rel1/bin/../lib/gcc/arm-none-eabi/13.3.1/../../../../arm-none-eabi/lib/thumb/v6-m/nofp/crt0.o

.flash_begin    0x10000000        0x0
                0x10000000                        __flash_binary_start = .

.boot2          0x10000000      0x100
                0x10000000                        __boot2_start__ = .
 *(.boot2)
 .boot2         0x10000000      0x100 pico-sdk/src/rp2040/boot_stage2/CMakeFiles/bs2_default_library.dir/./bs2_default_padded_checksummed.S.o
                0x10000100                        __boot2_end__ = .
                0x00000001                        ASSERT (((__boot2_end__ - __boot2_start__) == 0x100), ERROR: Pico second stage bootloader must be 256 bytes in size)

.text           0x10000100     0x8134
                0x10000100                        __logical_binary_start = .
 *(.vectors)
 .vectors       0x10000100       0xd4 CMakeFiles/RPPicoDS_pico_sdk.dir/Users/hakankilicaslan/.pico-sdk/sdk/2.1.0/src/rp2_common/pico_crt0/crt0.S.o
                0x10000100                __VECTOR_TABLE
                0x10000100                __vectors
                0x100001c0                __default_isrs_start
                0x100001c0                isr_invalid
                0x100001c2                isr_nmi
                0x100001c4                isr_hardfault
                0x100001c6                isr_svcall
                0x100001c8                isr_pendsv
                0x100001ca                isr_systick
                0x100001cc                isr_irq28
                0x100001cc                isr_irq19
                0x100001cc                isr_irq0
                0x100001cc                isr_irq6
                0x100001cc                isr_irq22
                0x100001cc                isr_irq17
                0x100001cc                isr_irq14
                0x100001cc                isr_irq2
                0x100001cc                isr_irq10
                0x100001cc                isr_irq8
                0x100001cc                isr_irq24
                0x100001cc                isr_irq1
                0x100001cc                isr_irq7
                0x100001cc                isr_irq21
                0x100001cc                isr_irq20
                0x100001cc                isr_irq15
                0x100001cc                isr_irq25
                0x100001cc                isr_irq4
                0x100001cc                isr_irq16
                0x100001cc                isr_irq29
                0x100001cc                isr_irq26
                0x100001cc                __default_isrs_end
                0x100001cc                isr_irq3
                0x100001cc                isr_irq9
                0x100001cc                __unhandled_user_irq
                0x100001cc                isr_irq13
                0x100001cc                isr_irq27
                0x100001cc                isr_irq31
                0x100001cc                isr_irq5
                0x100001cc                isr_irq11
                0x100001cc                isr_irq23
                0x100001cc                isr_irq18
                0x100001cc                isr_irq30
                0x100001cc                isr_irq12
                0x100001d2                unhandled_user_irq_num_in_r0
 *(.binary_info_header)
 .binary_info_header
                0x100001d4       0x14 CMakeFiles/RPPicoDS_pico_sdk.dir/Users/hakankilicaslan/.pico-sdk/sdk/2.1.0/src/rp2_common/pico_crt0/crt0.S.o
                0x100001e8                        __binary_info_header_end = .
 *(.embedded_block)
                0x100001e8                        __embedded_block_end = .
 *(.reset)
 .reset         0x100001e8       0x9c CMakeFiles/RPPicoDS_pico_sdk.dir/Users/hakankilicaslan/.pico-sdk/sdk/2.1.0/src/rp2_common/pico_crt0/crt0.S.o
                0x100001e8                _entry_point
 *(.init)
 .init          0x10000284        0x4 /Users/hakankilicaslan/.pico-sdk/toolchain/13_3_Rel1/bin/../lib/gcc/arm-none-eabi/13.3.1/thumb/v6-m/nofp/crti.o
                0x10000284                _init
 *(EXCLUDE_FILE(*libm.a: *libc.a:*lib_a-mem*.o *libgcc.a:) .text*)
 .text.register_tm_clones
                0x10000288       0x28 /Users/hakankilicaslan/.pico-sdk/toolchain/13_3_Rel1/bin/../lib/gcc/arm-none-eabi/13.3.1/thumb/v6-m/nofp/crtbegin.o
 .text.frame_dummy
                0x100002b0       0x24 /Users/hakankilicaslan/.pico-sdk/toolchain/13_3_Rel1/bin/../lib/gcc/arm-none-eabi/13.3.1/thumb/v6-m/nofp/crtbegin.o
 .text.core1_main
                0x100002d4       0x34 CMakeFiles/RPPicoDS_pico_sdk.dir/main.c.o
                0x100002d4                core1_main
 .text.init_motor_buttons
                0x10000308       0x30 CMakeFiles/RPPicoDS_pico_sdk.dir/main.c.o
                0x10000308                init_motor_buttons
 .text.send_motor_parameters
                0x10000338       0x18 CMakeFiles/RPPicoDS_pico_sdk.dir/main.c.o
                0x10000338                send_motor_parameters
 .text.button_callback
                0x10000350       0xa0 CMakeFiles/RPPicoDS_pico_sdk.dir/main.c.o
                0x10000350                button_callback
 .text.write_analog_to_lcd
                0x100003f0       0x34 CMakeFiles/RPPicoDS_pico_sdk.dir/main.c.o
                0x100003f0                write_analog_to_lcd
 .text.display_keypad_value
                0x10000424       0x3c CMakeFiles/RPPicoDS_pico_sdk.dir/main.c.o
                0x10000424                display_keypad_value
 .text.display_potentiometer_value
                0x10000460       0x24 CMakeFiles/RPPicoDS_pico_sdk.dir/main.c.o
                0x10000460                display_potentiometer_value
 .text.display_ldr_sensor_value
                0x10000484       0x24 CMakeFiles/RPPicoDS_pico_sdk.dir/main.c.o
                0x10000484                display_ldr_sensor_value
 .text.main     0x100004a8       0xd4 CMakeFiles/RPPicoDS_pico_sdk.dir/main.c.o
                0x100004a8                main
 .text.pwm_set_chan_level
                0x1000057c       0x40 CMakeFiles/RPPicoDS_pico_sdk.dir/buzzer.c.o
 .text.init_buzzer_pwm
                0x100005bc       0x14 CMakeFiles/RPPicoDS_pico_sdk.dir/buzzer.c.o
                0x100005bc                init_buzzer_pwm
 .text.set_pwm_frequency
                0x100005d0       0x70 CMakeFiles/RPPicoDS_pico_sdk.dir/buzzer.c.o
                0x100005d0                set_pwm_frequency
 .text.play_note
                0x10000640       0x32 CMakeFiles/RPPicoDS_pico_sdk.dir/buzzer.c.o
                0x10000640                play_note
 *fill*         0x10000672        0x2 
 .text.keypadOku
                0x10000674       0xdc CMakeFiles/RPPicoDS_pico_sdk.dir/keypad.c.o
                0x10000674                keypadOku
 .text.read_analog
                0x10000750       0x34 CMakeFiles/RPPicoDS_pico_sdk.dir/keypad.c.o
                0x10000750                read_analog
 .text.button_pressed
                0x10000784       0x4c CMakeFiles/RPPicoDS_pico_sdk.dir/buttons.c.o
                0x10000784                button_pressed
 .text.init_buttons
                0x100007d0       0x44 CMakeFiles/RPPicoDS_pico_sdk.dir/buttons.c.o
                0x100007d0                init_buttons
 .text.pwm_init
                0x10000814       0x34 CMakeFiles/RPPicoDS_pico_sdk.dir/init_functions.c.o
 .text.pwm_get_default_config
                0x10000848       0x18 CMakeFiles/RPPicoDS_pico_sdk.dir/init_functions.c.o
 .text.pwm_set_chan_level
                0x10000860       0x40 CMakeFiles/RPPicoDS_pico_sdk.dir/init_functions.c.o
 .text.pwm_set_gpio_level
                0x100008a0       0x24 CMakeFiles/RPPicoDS_pico_sdk.dir/init_functions.c.o
 .text.adc_gpio_init
                0x100008c4       0x1e CMakeFiles/RPPicoDS_pico_sdk.dir/init_functions.c.o
 .text.init_adc
                0x100008e2       0x1a CMakeFiles/RPPicoDS_pico_sdk.dir/init_functions.c.o
                0x100008e2                init_adc
 .text.init_pwm
                0x100008fc       0x10 CMakeFiles/RPPicoDS_pico_sdk.dir/init_functions.c.o
                0x100008fc                init_pwm
 .text.init_pwm_pin
                0x1000090c       0x84 CMakeFiles/RPPicoDS_pico_sdk.dir/init_functions.c.o
                0x1000090c                init_pwm_pin
 .text.init_lcd
                0x10000990       0x9c CMakeFiles/RPPicoDS_pico_sdk.dir/init_functions.c.o
                0x10000990                init_lcd
 .text.init_board
                0x10000a2c       0x64 CMakeFiles/RPPicoDS_pico_sdk.dir/init_functions.c.o
                0x10000a2c                init_board
 .text.init_rgb_pwm
                0x10000a90       0x28 CMakeFiles/RPPicoDS_pico_sdk.dir/led_control.c.o
                0x10000a90                init_rgb_pwm
 .text.init_led_pwm
                0x10000ab8       0x28 CMakeFiles/RPPicoDS_pico_sdk.dir/led_control.c.o
                0x10000ab8                init_led_pwm
 .text.init_pir
                0x10000ae0       0x1e CMakeFiles/RPPicoDS_pico_sdk.dir/sensors.c.o
                0x10000ae0                init_pir
 .text.init_ultrasonic
                0x10000afe       0x22 CMakeFiles/RPPicoDS_pico_sdk.dir/sensors.c.o
                0x10000afe                init_ultrasonic
 .text.i2c_write_byte
                0x10000b20       0x20 CMakeFiles/RPPicoDS_pico_sdk.dir/lcd_i2c.c.o
 .text.lcd_toggle_enable
                0x10000b40       0x38 CMakeFiles/RPPicoDS_pico_sdk.dir/lcd_i2c.c.o
 .text.lcd_send_byte
                0x10000b78       0x38 CMakeFiles/RPPicoDS_pico_sdk.dir/lcd_i2c.c.o
                0x10000b78                lcd_send_byte
 .text.lcd_char
                0x10000bb0        0xa CMakeFiles/RPPicoDS_pico_sdk.dir/lcd_i2c.c.o
 .text.lcd_clear
                0x10000bba        0xc CMakeFiles/RPPicoDS_pico_sdk.dir/lcd_i2c.c.o
                0x10000bba                lcd_clear
 .text.lcd_set_cursor
                0x10000bc6       0x16 CMakeFiles/RPPicoDS_pico_sdk.dir/lcd_i2c.c.o
                0x10000bc6                lcd_set_cursor
 .text.lcd_string
                0x10000bdc       0x14 CMakeFiles/RPPicoDS_pico_sdk.dir/lcd_i2c.c.o
                0x10000bdc                lcd_string
 .text.init_step_motor
                0x10000bf0       0x28 CMakeFiles/RPPicoDS_pico_sdk.dir/stepper.c.o
                0x10000bf0                init_step_motor
 .text.step_stop
                0x10000c18       0x34 CMakeFiles/RPPicoDS_pico_sdk.dir/stepper.c.o
                0x10000c18                step_stop
 .text.step_turn
                0x10000c4c       0xe8 CMakeFiles/RPPicoDS_pico_sdk.dir/stepper.c.o
                0x10000c4c                step_turn
 .text.gpio_set_function
                0x10000d34       0x34 CMakeFiles/RPPicoDS_pico_sdk.dir/Users/hakankilicaslan/.pico-sdk/sdk/2.1.0/src/rp2_common/hardware_gpio/gpio.c.o
                0x10000d34                gpio_set_function
 .text.gpio_set_pulls
                0x10000d68       0x38 CMakeFiles/RPPicoDS_pico_sdk.dir/Users/hakankilicaslan/.pico-sdk/sdk/2.1.0/src/rp2_common/hardware_gpio/gpio.c.o
                0x10000d68                gpio_set_pulls
 .text.gpio_set_irq_callback
                0x10000da0       0x48 CMakeFiles/RPPicoDS_pico_sdk.dir/Users/hakankilicaslan/.pico-sdk/sdk/2.1.0/src/rp2_common/hardware_gpio/gpio.c.o
                0x10000da0                gpio_set_irq_callback
 .text.gpio_acknowledge_irq
                0x10000de8       0x18 CMakeFiles/RPPicoDS_pico_sdk.dir/Users/hakankilicaslan/.pico-sdk/sdk/2.1.0/src/rp2_common/hardware_gpio/gpio.c.o
                0x10000de8                gpio_acknowledge_irq
 .text._gpio_set_irq_enabled
                0x10000e00       0x38 CMakeFiles/RPPicoDS_pico_sdk.dir/Users/hakankilicaslan/.pico-sdk/sdk/2.1.0/src/rp2_common/hardware_gpio/gpio.c.o
 .text.gpio_set_irq_enabled
                0x10000e38       0x68 CMakeFiles/RPPicoDS_pico_sdk.dir/Users/hakankilicaslan/.pico-sdk/sdk/2.1.0/src/rp2_common/hardware_gpio/gpio.c.o
                0x10000e38                gpio_set_irq_enabled
 .text.gpio_set_irq_enabled_with_callback
                0x10000ea0       0x28 CMakeFiles/RPPicoDS_pico_sdk.dir/Users/hakankilicaslan/.pico-sdk/sdk/2.1.0/src/rp2_common/hardware_gpio/gpio.c.o
                0x10000ea0                gpio_set_irq_enabled_with_callback
 .text.gpio_default_irq_handler
                0x10000ec8       0xa0 CMakeFiles/RPPicoDS_pico_sdk.dir/Users/hakankilicaslan/.pico-sdk/sdk/2.1.0/src/rp2_common/hardware_gpio/gpio.c.o
 .text.gpio_set_input_enabled
                0x10000f68       0x28 CMakeFiles/RPPicoDS_pico_sdk.dir/Users/hakankilicaslan/.pico-sdk/sdk/2.1.0/src/rp2_common/hardware_gpio/gpio.c.o
                0x10000f68                gpio_set_input_enabled
 .text.gpio_init
                0x10000f90       0x16 CMakeFiles/RPPicoDS_pico_sdk.dir/Users/hakankilicaslan/.pico-sdk/sdk/2.1.0/src/rp2_common/hardware_gpio/gpio.c.o
                0x10000f90                gpio_init
 *fill*         0x10000fa6        0x2 
 .text.rp2040_chip_version
                0x10000fa8       0x54 CMakeFiles/RPPicoDS_pico_sdk.dir/Users/hakankilicaslan/.pico-sdk/sdk/2.1.0/src/rp2040/pico_platform/platform.c.o
                0x10000fa8                rp2040_chip_version
 .text.panic    0x10000ffc       0x30 CMakeFiles/RPPicoDS_pico_sdk.dir/Users/hakankilicaslan/.pico-sdk/sdk/2.1.0/src/rp2_common/pico_platform_panic/panic.c.o
                0x10000ffc                panic
 .text.hw_claim_lock
                0x1000102c       0x18 CMakeFiles/RPPicoDS_pico_sdk.dir/Users/hakankilicaslan/.pico-sdk/sdk/2.1.0/src/common/hardware_claim/claim.c.o
                0x1000102c                hw_claim_lock
 .text.hw_claim_unlock
                0x10001044       0x14 CMakeFiles/RPPicoDS_pico_sdk.dir/Users/hakankilicaslan/.pico-sdk/sdk/2.1.0/src/common/hardware_claim/claim.c.o
                0x10001044                hw_claim_unlock
 .text.hw_claim_or_assert
                0x10001058       0x32 CMakeFiles/RPPicoDS_pico_sdk.dir/Users/hakankilicaslan/.pico-sdk/sdk/2.1.0/src/common/hardware_claim/claim.c.o
                0x10001058                hw_claim_or_assert
 .text.hw_claim_unused_from_range
                0x1000108a       0x50 CMakeFiles/RPPicoDS_pico_sdk.dir/Users/hakankilicaslan/.pico-sdk/sdk/2.1.0/src/common/hardware_claim/claim.c.o
                0x1000108a                hw_claim_unused_from_range
 *fill*         0x100010da        0x2 
 .text.next_striped_spin_lock_num
                0x100010dc       0x1c CMakeFiles/RPPicoDS_pico_sdk.dir/Users/hakankilicaslan/.pico-sdk/sdk/2.1.0/src/rp2_common/hardware_sync/sync.c.o
                0x100010dc                next_striped_spin_lock_num
 .text.spin_lock_claim_unused
                0x100010f8       0x24 CMakeFiles/RPPicoDS_pico_sdk.dir/Users/hakankilicaslan/.pico-sdk/sdk/2.1.0/src/rp2_common/hardware_sync/sync.c.o
                0x100010f8                spin_lock_claim_unused
 .text.spin_locks_reset
                0x1000111c       0x20 CMakeFiles/RPPicoDS_pico_sdk.dir/Users/hakankilicaslan/.pico-sdk/sdk/2.1.0/src/rp2_common/hardware_sync_spin_lock/sync_spin_lock.c.o
                0x1000111c                spin_locks_reset
 .text.set_raw_irq_handler_and_unlock
                0x1000113c       0x28 CMakeFiles/RPPicoDS_pico_sdk.dir/Users/hakankilicaslan/.pico-sdk/sdk/2.1.0/src/rp2_common/hardware_irq/irq.c.o
 .text.nvic_ipr0
                0x10001164        0x8 CMakeFiles/RPPicoDS_pico_sdk.dir/Users/hakankilicaslan/.pico-sdk/sdk/2.1.0/src/rp2_common/hardware_irq/irq.c.o
 .text.runtime_init_per_core_irq_priorities
                0x1000116c       0x1c CMakeFiles/RPPicoDS_pico_sdk.dir/Users/hakankilicaslan/.pico-sdk/sdk/2.1.0/src/rp2_common/hardware_irq/irq.c.o
                0x1000116c                runtime_init_per_core_irq_priorities
 .text.resolve_j_16
                0x10001188       0x30 CMakeFiles/RPPicoDS_pico_sdk.dir/Users/hakankilicaslan/.pico-sdk/sdk/2.1.0/src/rp2_common/hardware_irq/irq.c.o
 .text.make_j_16
                0x100011b8       0x48 CMakeFiles/RPPicoDS_pico_sdk.dir/Users/hakankilicaslan/.pico-sdk/sdk/2.1.0/src/rp2_common/hardware_irq/irq.c.o
 .text.insert_bl_32
                0x10001200       0x40 CMakeFiles/RPPicoDS_pico_sdk.dir/Users/hakankilicaslan/.pico-sdk/sdk/2.1.0/src/rp2_common/hardware_irq/irq.c.o
 .text.irq_is_enabled
                0x10001240       0x18 CMakeFiles/RPPicoDS_pico_sdk.dir/Users/hakankilicaslan/.pico-sdk/sdk/2.1.0/src/rp2_common/hardware_irq/irq.c.o
                0x10001240                irq_is_enabled
 .text.irq_set_mask_n_enabled
                0x10001258       0x1c CMakeFiles/RPPicoDS_pico_sdk.dir/Users/hakankilicaslan/.pico-sdk/sdk/2.1.0/src/rp2_common/hardware_irq/irq.c.o
                0x10001258                irq_set_mask_n_enabled
 .text.irq_set_enabled
                0x10001274       0x14 CMakeFiles/RPPicoDS_pico_sdk.dir/Users/hakankilicaslan/.pico-sdk/sdk/2.1.0/src/rp2_common/hardware_irq/irq.c.o
                0x10001274                irq_set_enabled
 .text.irq_set_pending
                0x10001288       0x10 CMakeFiles/RPPicoDS_pico_sdk.dir/Users/hakankilicaslan/.pico-sdk/sdk/2.1.0/src/rp2_common/hardware_irq/irq.c.o
                0x10001288                irq_set_pending
 .text.irq_get_vtable_handler
                0x10001298       0x10 CMakeFiles/RPPicoDS_pico_sdk.dir/Users/hakankilicaslan/.pico-sdk/sdk/2.1.0/src/rp2_common/hardware_irq/irq.c.o
                0x10001298                irq_get_vtable_handler
 .text.irq_has_shared_handler
                0x100012a8       0x24 CMakeFiles/RPPicoDS_pico_sdk.dir/Users/hakankilicaslan/.pico-sdk/sdk/2.1.0/src/rp2_common/hardware_irq/irq.c.o
                0x100012a8                irq_has_shared_handler
 .text.irq_set_exclusive_handler
                0x100012cc       0x54 CMakeFiles/RPPicoDS_pico_sdk.dir/Users/hakankilicaslan/.pico-sdk/sdk/2.1.0/src/rp2_common/hardware_irq/irq.c.o
                0x100012cc                irq_set_exclusive_handler
 .text.irq_add_shared_handler
                0x10001320      0x218 CMakeFiles/RPPicoDS_pico_sdk.dir/Users/hakankilicaslan/.pico-sdk/sdk/2.1.0/src/rp2_common/hardware_irq/irq.c.o
                0x10001320                irq_add_shared_handler
 .text.irq_remove_handler
                0x10001538      0x18c CMakeFiles/RPPicoDS_pico_sdk.dir/Users/hakankilicaslan/.pico-sdk/sdk/2.1.0/src/rp2_common/hardware_irq/irq.c.o
                0x10001538                irq_remove_handler
 .text.irq_add_tail_to_free_list
                0x100016c4       0xf4 CMakeFiles/RPPicoDS_pico_sdk.dir/Users/hakankilicaslan/.pico-sdk/sdk/2.1.0/src/rp2_common/hardware_irq/irq.c.o
                0x100016c4                irq_add_tail_to_free_list
 .text.user_irq_claim_unused
                0x100017b8       0x2c CMakeFiles/RPPicoDS_pico_sdk.dir/Users/hakankilicaslan/.pico-sdk/sdk/2.1.0/src/rp2_common/hardware_irq/irq.c.o
                0x100017b8                user_irq_claim_unused
 .text.lock_init
                0x100017e4       0x10 CMakeFiles/RPPicoDS_pico_sdk.dir/Users/hakankilicaslan/.pico-sdk/sdk/2.1.0/src/common/pico_sync/lock_core.c.o
                0x100017e4                lock_init
 .text.mutex_init
                0x100017f4       0x1a CMakeFiles/RPPicoDS_pico_sdk.dir/Users/hakankilicaslan/.pico-sdk/sdk/2.1.0/src/common/pico_sync/mutex.c.o
                0x100017f4                mutex_init
 .text.recursive_mutex_init
                0x1000180e       0x1e CMakeFiles/RPPicoDS_pico_sdk.dir/Users/hakankilicaslan/.pico-sdk/sdk/2.1.0/src/common/pico_sync/mutex.c.o
                0x1000180e                recursive_mutex_init
 .text.runtime_init_mutex
                0x1000182c       0x4c CMakeFiles/RPPicoDS_pico_sdk.dir/Users/hakankilicaslan/.pico-sdk/sdk/2.1.0/src/common/pico_sync/mutex.c.o
                0x1000182c                runtime_init_mutex
 .text.critical_section_init_with_lock_num
                0x10001878       0x14 CMakeFiles/RPPicoDS_pico_sdk.dir/Users/hakankilicaslan/.pico-sdk/sdk/2.1.0/src/common/pico_sync/critical_section.c.o
                0x10001878                critical_section_init_with_lock_num
 .text.critical_section_init
                0x1000188c       0x14 CMakeFiles/RPPicoDS_pico_sdk.dir/Users/hakankilicaslan/.pico-sdk/sdk/2.1.0/src/common/pico_sync/critical_section.c.o
                0x1000188c                critical_section_init
 .text.make_alarm_id
                0x100018a0        0x6 CMakeFiles/RPPicoDS_pico_sdk.dir/Users/hakankilicaslan/.pico-sdk/sdk/2.1.0/src/common/pico_time/time.c.o
 *fill*         0x100018a6        0x2 
 .text.sleep_until_callback
                0x100018a8       0x30 CMakeFiles/RPPicoDS_pico_sdk.dir/Users/hakankilicaslan/.pico-sdk/sdk/2.1.0/src/common/pico_time/time.c.o
 .text.alarm_pool_irq_handler
                0x100018d8      0x2f8 CMakeFiles/RPPicoDS_pico_sdk.dir/Users/hakankilicaslan/.pico-sdk/sdk/2.1.0/src/common/pico_time/time.c.o
 .text.ta_enable_irq_handler
                0x10001bd0       0x2c CMakeFiles/RPPicoDS_pico_sdk.dir/Users/hakankilicaslan/.pico-sdk/sdk/2.1.0/src/common/pico_time/time.c.o
 .text.alarm_pool_post_alloc_init
                0x10001bfc       0x78 CMakeFiles/RPPicoDS_pico_sdk.dir/Users/hakankilicaslan/.pico-sdk/sdk/2.1.0/src/common/pico_time/time.c.o
 .text.alarm_pool_get_default
                0x10001c74       0x2c CMakeFiles/RPPicoDS_pico_sdk.dir/Users/hakankilicaslan/.pico-sdk/sdk/2.1.0/src/common/pico_time/time.c.o
                0x10001c74                alarm_pool_get_default
 .text.alarm_pool_add_alarm_at_force_in_context
                0x10001ca0       0xa4 CMakeFiles/RPPicoDS_pico_sdk.dir/Users/hakankilicaslan/.pico-sdk/sdk/2.1.0/src/common/pico_time/time.c.o
                0x10001ca0                alarm_pool_add_alarm_at_force_in_context
 .text.alarm_pool_add_alarm_at
                0x10001d44       0x3c CMakeFiles/RPPicoDS_pico_sdk.dir/Users/hakankilicaslan/.pico-sdk/sdk/2.1.0/src/common/pico_time/time.c.o
                0x10001d44                alarm_pool_add_alarm_at
 .text.add_alarm_at
                0x10001d80       0x2e CMakeFiles/RPPicoDS_pico_sdk.dir/Users/hakankilicaslan/.pico-sdk/sdk/2.1.0/src/common/pico_time/time.c.o
 *fill*         0x10001dae        0x2 
 .text.alarm_pool_cancel_alarm
                0x10001db0       0x78 CMakeFiles/RPPicoDS_pico_sdk.dir/Users/hakankilicaslan/.pico-sdk/sdk/2.1.0/src/common/pico_time/time.c.o
                0x10001db0                alarm_pool_cancel_alarm
 .text.cancel_alarm
                0x10001e28       0x10 CMakeFiles/RPPicoDS_pico_sdk.dir/Users/hakankilicaslan/.pico-sdk/sdk/2.1.0/src/common/pico_time/time.c.o
 .text.alarm_pool_core_num
                0x10001e38        0x4 CMakeFiles/RPPicoDS_pico_sdk.dir/Users/hakankilicaslan/.pico-sdk/sdk/2.1.0/src/common/pico_time/time.c.o
                0x10001e38                alarm_pool_core_num
 .text.sleep_until
                0x10001e3c       0xc0 CMakeFiles/RPPicoDS_pico_sdk.dir/Users/hakankilicaslan/.pico-sdk/sdk/2.1.0/src/common/pico_time/time.c.o
                0x10001e3c                sleep_until
 .text.sleep_us
                0x10001efc       0x24 CMakeFiles/RPPicoDS_pico_sdk.dir/Users/hakankilicaslan/.pico-sdk/sdk/2.1.0/src/common/pico_time/time.c.o
                0x10001efc                sleep_us
 .text.sleep_ms
                0x10001f20       0x14 CMakeFiles/RPPicoDS_pico_sdk.dir/Users/hakankilicaslan/.pico-sdk/sdk/2.1.0/src/common/pico_time/time.c.o
                0x10001f20                sleep_ms
 .text.best_effort_wfe_or_timeout
                0x10001f34      0x104 CMakeFiles/RPPicoDS_pico_sdk.dir/Users/hakankilicaslan/.pico-sdk/sdk/2.1.0/src/common/pico_time/time.c.o
                0x10001f34                best_effort_wfe_or_timeout
 .text.alarm_pool_get_default_timer
                0x10002038        0x8 CMakeFiles/RPPicoDS_pico_sdk.dir/Users/hakankilicaslan/.pico-sdk/sdk/2.1.0/src/common/pico_time/time.c.o
                0x10002038                alarm_pool_get_default_timer
 .text.runtime_init_default_alarm_pool
                0x10002040       0x38 CMakeFiles/RPPicoDS_pico_sdk.dir/Users/hakankilicaslan/.pico-sdk/sdk/2.1.0/src/common/pico_time/time.c.o
                0x10002040                runtime_init_default_alarm_pool
 .text.timer_hardware_alarm_claim
                0x10002078       0x14 CMakeFiles/RPPicoDS_pico_sdk.dir/Users/hakankilicaslan/.pico-sdk/sdk/2.1.0/src/rp2_common/hardware_timer/timer.c.o
                0x10002078                timer_hardware_alarm_claim
 .text.timer_time_us_64
                0x1000208c       0x10 CMakeFiles/RPPicoDS_pico_sdk.dir/Users/hakankilicaslan/.pico-sdk/sdk/2.1.0/src/rp2_common/hardware_timer/timer.c.o
                0x1000208c                timer_time_us_64
 .text.timer_busy_wait_until
                0x1000209c       0x1a CMakeFiles/RPPicoDS_pico_sdk.dir/Users/hakankilicaslan/.pico-sdk/sdk/2.1.0/src/rp2_common/hardware_timer/timer.c.o
                0x1000209c                timer_busy_wait_until
 .text.timer_busy_wait_us
                0x100020b6       0x38 CMakeFiles/RPPicoDS_pico_sdk.dir/Users/hakankilicaslan/.pico-sdk/sdk/2.1.0/src/rp2_common/hardware_timer/timer.c.o
                0x100020b6                timer_busy_wait_us
 *fill*         0x100020ee        0x2 
 .text.time_us_64
                0x100020f0       0x10 CMakeFiles/RPPicoDS_pico_sdk.dir/Users/hakankilicaslan/.pico-sdk/sdk/2.1.0/src/rp2_common/hardware_timer/timer.c.o
                0x100020f0                time_us_64
 .text.busy_wait_us
                0x10002100       0x14 CMakeFiles/RPPicoDS_pico_sdk.dir/Users/hakankilicaslan/.pico-sdk/sdk/2.1.0/src/rp2_common/hardware_timer/timer.c.o
                0x10002100                busy_wait_us
 .text.busy_wait_until
                0x10002114       0x14 CMakeFiles/RPPicoDS_pico_sdk.dir/Users/hakankilicaslan/.pico-sdk/sdk/2.1.0/src/rp2_common/hardware_timer/timer.c.o
                0x10002114                busy_wait_until
 .text.uart_unreset
                0x10002128       0x2c CMakeFiles/RPPicoDS_pico_sdk.dir/Users/hakankilicaslan/.pico-sdk/sdk/2.1.0/src/rp2_common/hardware_uart/uart.c.o
 .text.uart_disable_before_lcr_write
                0x10002154       0x48 CMakeFiles/RPPicoDS_pico_sdk.dir/Users/hakankilicaslan/.pico-sdk/sdk/2.1.0/src/rp2_common/hardware_uart/uart.c.o
 .text.uart_write_lcr_bits_masked
                0x1000219c       0x20 CMakeFiles/RPPicoDS_pico_sdk.dir/Users/hakankilicaslan/.pico-sdk/sdk/2.1.0/src/rp2_common/hardware_uart/uart.c.o
 .text.uart_set_baudrate
                0x100021bc       0x5c CMakeFiles/RPPicoDS_pico_sdk.dir/Users/hakankilicaslan/.pico-sdk/sdk/2.1.0/src/rp2_common/hardware_uart/uart.c.o
                0x100021bc                uart_set_baudrate
 .text.uart_set_translate_crlf
                0x10002218       0x28 CMakeFiles/RPPicoDS_pico_sdk.dir/Users/hakankilicaslan/.pico-sdk/sdk/2.1.0/src/rp2_common/hardware_uart/uart.c.o
                0x10002218                uart_set_translate_crlf
 .text.uart_init
                0x10002240       0x64 CMakeFiles/RPPicoDS_pico_sdk.dir/Users/hakankilicaslan/.pico-sdk/sdk/2.1.0/src/rp2_common/hardware_uart/uart.c.o
                0x10002240                uart_init
 .text.clock_configure_internal
                0x100022a4       0xc4 CMakeFiles/RPPicoDS_pico_sdk.dir/Users/hakankilicaslan/.pico-sdk/sdk/2.1.0/src/rp2_common/hardware_clocks/clocks.c.o
 .text.clock_configure_int_divider
                0x10002368       0x28 CMakeFiles/RPPicoDS_pico_sdk.dir/Users/hakankilicaslan/.pico-sdk/sdk/2.1.0/src/rp2_common/hardware_clocks/clocks.c.o
                0x10002368                clock_configure_int_divider
 .text.clock_configure_undivided
                0x10002390       0x12 CMakeFiles/RPPicoDS_pico_sdk.dir/Users/hakankilicaslan/.pico-sdk/sdk/2.1.0/src/rp2_common/hardware_clocks/clocks.c.o
                0x10002390                clock_configure_undivided
 *fill*         0x100023a2        0x2 
 .text.clock_get_hz
                0x100023a4        0xc CMakeFiles/RPPicoDS_pico_sdk.dir/Users/hakankilicaslan/.pico-sdk/sdk/2.1.0/src/rp2_common/hardware_clocks/clocks.c.o
                0x100023a4                clock_get_hz
 .text.pll_init
                0x100023b0      0x124 CMakeFiles/RPPicoDS_pico_sdk.dir/Users/hakankilicaslan/.pico-sdk/sdk/2.1.0/src/rp2_common/hardware_pll/pll.c.o
                0x100023b0                pll_init
 .text.watchdog_update
                0x100024d4       0x14 CMakeFiles/RPPicoDS_pico_sdk.dir/Users/hakankilicaslan/.pico-sdk/sdk/2.1.0/src/rp2_common/hardware_watchdog/watchdog.c.o
                0x100024d4                watchdog_update
 .text._watchdog_enable
                0x100024e8       0x7c CMakeFiles/RPPicoDS_pico_sdk.dir/Users/hakankilicaslan/.pico-sdk/sdk/2.1.0/src/rp2_common/hardware_watchdog/watchdog.c.o
                0x100024e8                _watchdog_enable
 .text.watchdog_reboot
                0x10002564       0x48 CMakeFiles/RPPicoDS_pico_sdk.dir/Users/hakankilicaslan/.pico-sdk/sdk/2.1.0/src/rp2_common/hardware_watchdog/watchdog.c.o
                0x10002564                watchdog_reboot
 .text.tick_start
                0x100025ac       0x10 CMakeFiles/RPPicoDS_pico_sdk.dir/Users/hakankilicaslan/.pico-sdk/sdk/2.1.0/src/rp2_common/hardware_ticks/ticks.c.o
                0x100025ac                tick_start
 .text.rom_func_lookup
                0x100025bc       0x10 CMakeFiles/RPPicoDS_pico_sdk.dir/Users/hakankilicaslan/.pico-sdk/sdk/2.1.0/src/rp2_common/pico_bootrom/bootrom.c.o
                0x100025bc                rom_func_lookup
 .text.rom_data_lookup
                0x100025cc       0x10 CMakeFiles/RPPicoDS_pico_sdk.dir/Users/hakankilicaslan/.pico-sdk/sdk/2.1.0/src/rp2_common/pico_bootrom/bootrom.c.o
                0x100025cc                rom_data_lookup
 .text.rom_funcs_lookup
                0x100025dc       0x36 CMakeFiles/RPPicoDS_pico_sdk.dir/Users/hakankilicaslan/.pico-sdk/sdk/2.1.0/src/rp2_common/pico_bootrom/bootrom.c.o
                0x100025dc                rom_funcs_lookup
 *fill*         0x10002612        0x2 
 .text.rom_reset_usb_boot_extra
                0x10002614       0x24 CMakeFiles/RPPicoDS_pico_sdk.dir/Users/hakankilicaslan/.pico-sdk/sdk/2.1.0/src/rp2_common/pico_bootrom/bootrom.c.o
                0x10002614                rom_reset_usb_boot_extra
 .text.xosc_init
                0x10002638       0x28 CMakeFiles/RPPicoDS_pico_sdk.dir/Users/hakankilicaslan/.pico-sdk/sdk/2.1.0/src/rp2_common/hardware_xosc/xosc.c.o
                0x10002638                xosc_init
 .text.runtime_run_initializers_from
                0x10002660       0x18 CMakeFiles/RPPicoDS_pico_sdk.dir/Users/hakankilicaslan/.pico-sdk/sdk/2.1.0/src/rp2_common/pico_runtime/runtime.c.o
 .text.first_per_core_initializer
                0x10002678        0x2 CMakeFiles/RPPicoDS_pico_sdk.dir/Users/hakankilicaslan/.pico-sdk/sdk/2.1.0/src/rp2_common/pico_runtime/runtime.c.o
 *fill*         0x1000267a        0x2 
 .text.runtime_run_initializers
                0x1000267c       0x10 CMakeFiles/RPPicoDS_pico_sdk.dir/Users/hakankilicaslan/.pico-sdk/sdk/2.1.0/src/rp2_common/pico_runtime/runtime.c.o
                0x1000267c                runtime_run_initializers
 .text.runtime_run_per_core_initializers
                0x1000268c       0x10 CMakeFiles/RPPicoDS_pico_sdk.dir/Users/hakankilicaslan/.pico-sdk/sdk/2.1.0/src/rp2_common/pico_runtime/runtime.c.o
                0x1000268c                runtime_run_per_core_initializers
 .text.runtime_init_early_resets
                0x1000269c       0x2c CMakeFiles/RPPicoDS_pico_sdk.dir/Users/hakankilicaslan/.pico-sdk/sdk/2.1.0/src/rp2_common/pico_runtime_init/runtime_init.c.o
                0x1000269c                runtime_init_early_resets
 .text.runtime_init_usb_power_down
                0x100026c8       0x1c CMakeFiles/RPPicoDS_pico_sdk.dir/Users/hakankilicaslan/.pico-sdk/sdk/2.1.0/src/rp2_common/pico_runtime_init/runtime_init.c.o
                0x100026c8                runtime_init_usb_power_down
 .text.runtime_init_post_clock_resets
                0x100026e4       0x20 CMakeFiles/RPPicoDS_pico_sdk.dir/Users/hakankilicaslan/.pico-sdk/sdk/2.1.0/src/rp2_common/pico_runtime_init/runtime_init.c.o
                0x100026e4                runtime_init_post_clock_resets
 .text.runtime_init_rp2040_gpio_ie_disable
                0x10002704       0x14 CMakeFiles/RPPicoDS_pico_sdk.dir/Users/hakankilicaslan/.pico-sdk/sdk/2.1.0/src/rp2_common/pico_runtime_init/runtime_init.c.o
                0x10002704                runtime_init_rp2040_gpio_ie_disable
 .text.runtime_init_spin_locks_reset
                0x10002718        0x8 CMakeFiles/RPPicoDS_pico_sdk.dir/Users/hakankilicaslan/.pico-sdk/sdk/2.1.0/src/rp2_common/pico_runtime_init/runtime_init.c.o
                0x10002718                runtime_init_spin_locks_reset
 .text.runtime_init_install_ram_vector_table
                0x10002720       0x1c CMakeFiles/RPPicoDS_pico_sdk.dir/Users/hakankilicaslan/.pico-sdk/sdk/2.1.0/src/rp2_common/pico_runtime_init/runtime_init.c.o
                0x10002720                runtime_init_install_ram_vector_table
 .text.start_all_ticks
                0x1000273c       0x28 CMakeFiles/RPPicoDS_pico_sdk.dir/Users/hakankilicaslan/.pico-sdk/sdk/2.1.0/src/rp2_common/pico_runtime_init/runtime_init_clocks.c.o
 .text.runtime_init_clocks
                0x10002764       0xcc CMakeFiles/RPPicoDS_pico_sdk.dir/Users/hakankilicaslan/.pico-sdk/sdk/2.1.0/src/rp2_common/pico_runtime_init/runtime_init_clocks.c.o
                0x10002764                runtime_init_clocks
 .text          0x10002830       0x10 CMakeFiles/RPPicoDS_pico_sdk.dir/Users/hakankilicaslan/.pico-sdk/sdk/2.1.0/src/rp2_common/pico_bit_ops/bit_ops_aeabi.S.o
 .text.__wrap___aeabi_idiv
                0x10002840       0x50 CMakeFiles/RPPicoDS_pico_sdk.dir/Users/hakankilicaslan/.pico-sdk/sdk/2.1.0/src/rp2_common/pico_divider/divider_hardware.S.o
                0x10002840                __wrap___aeabi_idivmod
                0x10002840                divmod_s32s32
                0x10002840                div_s32s32
                0x10002840                __wrap___aeabi_idiv
                0x10002848                divmod_s32s32_unsafe
                0x10002874                divmod_s32s32_savestate
 .text.__wrap___aeabi_uidiv
                0x10002890       0x4c CMakeFiles/RPPicoDS_pico_sdk.dir/Users/hakankilicaslan/.pico-sdk/sdk/2.1.0/src/rp2_common/pico_divider/divider_hardware.S.o
                0x10002890                __wrap___aeabi_uidiv
                0x10002890                __wrap___aeabi_uidivmod
                0x10002890                div_u32u32
                0x10002890                divmod_u32u32
                0x10002898                divmod_u32u32_unsafe
                0x100028c0                divmod_u32u32_savestate
 .text.__wrap___aeabi_ldiv
                0x100028dc      0x424 CMakeFiles/RPPicoDS_pico_sdk.dir/Users/hakankilicaslan/.pico-sdk/sdk/2.1.0/src/rp2_common/pico_divider/divider_hardware.S.o
                0x100028dc                __wrap___aeabi_ldivmod
                0x100028dc                div_s64s64
                0x100028dc                divmod_s64s64
                0x1000290c                divmod_u64u64
                0x1000290c                div_u64u64
                0x1000290c                __wrap___aeabi_uldivmod
                0x1000291c                divmod_u64u64_savestate
                0x1000293c                divmod_s64s64_unsafe
                0x100029c4                divmod_u64u64_unsafe
 .text.__wrap___aeabi_darithmetic
                0x10002d00       0x80 CMakeFiles/RPPicoDS_pico_sdk.dir/Users/hakankilicaslan/.pico-sdk/sdk/2.1.0/src/rp2_common/pico_double/double_aeabi_rp2040.S.o
                0x10002d00                __wrap___aeabi_drsub
                0x10002d06                __wrap___aeabi_dsub
                0x10002d18                __wrap___aeabi_dadd
                0x10002d2a                __wrap___aeabi_ddiv
                0x10002d66                __wrap___aeabi_dmul
 .text.__wrap___aeabi_cdcmple
                0x10002d80       0x6c CMakeFiles/RPPicoDS_pico_sdk.dir/Users/hakankilicaslan/.pico-sdk/sdk/2.1.0/src/rp2_common/pico_double/double_aeabi_rp2040.S.o
                0x10002d80                __wrap___aeabi_cdrcmple
                0x10002d90                __wrap___aeabi_cdcmple
                0x10002d90                __wrap___aeabi_cdcmpeq
 .text.__wrap___aeabi_dcmplt
                0x10002dec        0xc CMakeFiles/RPPicoDS_pico_sdk.dir/Users/hakankilicaslan/.pico-sdk/sdk/2.1.0/src/rp2_common/pico_double/double_aeabi_rp2040.S.o
                0x10002dec                __wrap___aeabi_dcmplt
 .text.__wrap___aeabi_dcmple
                0x10002df8       0x10 CMakeFiles/RPPicoDS_pico_sdk.dir/Users/hakankilicaslan/.pico-sdk/sdk/2.1.0/src/rp2_common/pico_double/double_aeabi_rp2040.S.o
                0x10002df8                __wrap___aeabi_dcmple
 .text.__wrap___aeabi_dcmpge
                0x10002e08       0x10 CMakeFiles/RPPicoDS_pico_sdk.dir/Users/hakankilicaslan/.pico-sdk/sdk/2.1.0/src/rp2_common/pico_double/double_aeabi_rp2040.S.o
                0x10002e08                __wrap___aeabi_dcmpge
 .text.__wrap___aeabi_dcmpgt
                0x10002e18        0xa CMakeFiles/RPPicoDS_pico_sdk.dir/Users/hakankilicaslan/.pico-sdk/sdk/2.1.0/src/rp2_common/pico_double/double_aeabi_rp2040.S.o
                0x10002e18                __wrap___aeabi_dcmpgt
 .text.__wrap___aeabi_dcmpun
                0x10002e22       0x18 CMakeFiles/RPPicoDS_pico_sdk.dir/Users/hakankilicaslan/.pico-sdk/sdk/2.1.0/src/rp2_common/pico_double/double_aeabi_rp2040.S.o
                0x10002e22                __wrap___aeabi_dcmpun
 *fill*         0x10002e3a        0x2 
 .text.__wrap___aeabi_i2d
                0x10002e3c       0x38 CMakeFiles/RPPicoDS_pico_sdk.dir/Users/hakankilicaslan/.pico-sdk/sdk/2.1.0/src/rp2_common/pico_double/double_aeabi_rp2040.S.o
                0x10002e3c                __wrap___aeabi_ui2d
                0x10002e44                __wrap___aeabi_i2d
 .text.__wrap___aeabi_d2iz
                0x10002e74       0x48 CMakeFiles/RPPicoDS_pico_sdk.dir/Users/hakankilicaslan/.pico-sdk/sdk/2.1.0/src/rp2_common/pico_double/double_aeabi_rp2040.S.o
                0x10002e74                __wrap___aeabi_d2iz
                0x10002e74                double2int_z
 .text.__wrap___aeabi_d2uiz
                0x10002ebc       0x18 CMakeFiles/RPPicoDS_pico_sdk.dir/Users/hakankilicaslan/.pico-sdk/sdk/2.1.0/src/rp2_common/pico_double/double_aeabi_rp2040.S.o
                0x10002ebc                double2uint
                0x10002ebc                __wrap___aeabi_d2uiz
 .text.__aeabi_double_init
                0x10002ed4       0xcc CMakeFiles/RPPicoDS_pico_sdk.dir/Users/hakankilicaslan/.pico-sdk/sdk/2.1.0/src/rp2_common/pico_double/double_init_rom_rp2040.c.o
                0x10002ed4                __aeabi_double_init
 .text.double_table_shim_on_use_helper
                0x10002fa0       0x34 CMakeFiles/RPPicoDS_pico_sdk.dir/Users/hakankilicaslan/.pico-sdk/sdk/2.1.0/src/rp2_common/pico_double/double_v1_rom_shim_rp2040.S.o
                0x10002fa0                double_table_shim_on_use_helper
 .text.__wrap___aeabi_dsub
                0x10002fd4       0x10 CMakeFiles/RPPicoDS_pico_sdk.dir/Users/hakankilicaslan/.pico-sdk/sdk/2.1.0/src/rp2_common/pico_double/double_v1_rom_shim_rp2040.S.o
                0x10002fd4                drsub_shim
                0x10002fda                dsub_shim
 .text.dadd_shim
                0x10002fe4      0x15c CMakeFiles/RPPicoDS_pico_sdk.dir/Users/hakankilicaslan/.pico-sdk/sdk/2.1.0/src/rp2_common/pico_double/double_v1_rom_shim_rp2040.S.o
                0x10002fe4                dadd_shim
 .text.dmul_shim
                0x10003140      0x15c CMakeFiles/RPPicoDS_pico_sdk.dir/Users/hakankilicaslan/.pico-sdk/sdk/2.1.0/src/rp2_common/pico_double/double_v1_rom_shim_rp2040.S.o
                0x10003140                dmul_shim
 .text.ddiv_shim
                0x1000329c      0x1b0 CMakeFiles/RPPicoDS_pico_sdk.dir/Users/hakankilicaslan/.pico-sdk/sdk/2.1.0/src/rp2_common/pico_double/double_v1_rom_shim_rp2040.S.o
                0x1000329c                ddiv_shim
 .text.double2uint_shim
                0x1000344c        0xe CMakeFiles/RPPicoDS_pico_sdk.dir/Users/hakankilicaslan/.pico-sdk/sdk/2.1.0/src/rp2_common/pico_double/double_v1_rom_shim_rp2040.S.o
                0x1000344c                double2uint_shim
                0x1000344e                double2ufix_shim
 *fill*         0x1000345a        0x2 
 .text.double2uint64_shim
                0x1000345c       0x70 CMakeFiles/RPPicoDS_pico_sdk.dir/Users/hakankilicaslan/.pico-sdk/sdk/2.1.0/src/rp2_common/pico_double/double_v1_rom_shim_rp2040.S.o
                0x1000345c                double2uint64_shim
                0x1000345e                double2ufix64_shim
                0x1000347e                d2fix_a
 .text.dunpacks
                0x100034cc       0x3c CMakeFiles/RPPicoDS_pico_sdk.dir/Users/hakankilicaslan/.pico-sdk/sdk/2.1.0/src/rp2_common/pico_double/double_v1_rom_shim_rp2040.S.o
                0x100034cc                dunpacks
 .text.__aeabi_lmul
                0x10003508       0x32 CMakeFiles/RPPicoDS_pico_sdk.dir/Users/hakankilicaslan/.pico-sdk/sdk/2.1.0/src/rp2_common/pico_int64_ops/pico_int64_ops_aeabi.S.o
                0x10003508                __wrap___aeabi_lmul
 *fill*         0x1000353a        0x2 
 .text.__wrap___aeabi_farithmetic
                0x1000353c       0x58 CMakeFiles/RPPicoDS_pico_sdk.dir/Users/hakankilicaslan/.pico-sdk/sdk/2.1.0/src/rp2_common/pico_float/float_aeabi_rp2040.S.o
                0x1000353c                __wrap___aeabi_frsub
                0x10003542                __wrap___aeabi_fsub
                0x1000354c                __wrap___aeabi_fadd
                0x10003556                __wrap___aeabi_fdiv
                0x10003582                __wrap___aeabi_fmul
 .text.__wrap___aeabi_cfcmple
                0x10003594       0x50 CMakeFiles/RPPicoDS_pico_sdk.dir/Users/hakankilicaslan/.pico-sdk/sdk/2.1.0/src/rp2_common/pico_float/float_aeabi_rp2040.S.o
                0x10003594                __wrap___aeabi_cfrcmple
                0x100035a0                __wrap___aeabi_cfcmpeq
                0x100035a0                __wrap___aeabi_cfcmple
 .text.__wrap___aeabi_fcmple
                0x100035e4       0x10 CMakeFiles/RPPicoDS_pico_sdk.dir/Users/hakankilicaslan/.pico-sdk/sdk/2.1.0/src/rp2_common/pico_float/float_aeabi_rp2040.S.o
                0x100035e4                __wrap___aeabi_fcmple
 .text.__wrap___aeabi_fcmpgt
                0x100035f4        0xa CMakeFiles/RPPicoDS_pico_sdk.dir/Users/hakankilicaslan/.pico-sdk/sdk/2.1.0/src/rp2_common/pico_float/float_aeabi_rp2040.S.o
                0x100035f4                __wrap___aeabi_fcmpgt
 .text.__wrap___aeabi_ui2f
                0x100035fe        0xa CMakeFiles/RPPicoDS_pico_sdk.dir/Users/hakankilicaslan/.pico-sdk/sdk/2.1.0/src/rp2_common/pico_float/float_aeabi_rp2040.S.o
                0x100035fe                uint2float
                0x100035fe                __wrap___aeabi_ui2f
 .text.__wrap___aeabi_i2f
                0x10003608       0x44 CMakeFiles/RPPicoDS_pico_sdk.dir/Users/hakankilicaslan/.pico-sdk/sdk/2.1.0/src/rp2_common/pico_float/float_aeabi_rp2040.S.o
                0x10003608                int2float
                0x10003608                __wrap___aeabi_i2f
 .text.__wrap___aeabi_f2iz
                0x1000364c       0x4e CMakeFiles/RPPicoDS_pico_sdk.dir/Users/hakankilicaslan/.pico-sdk/sdk/2.1.0/src/rp2_common/pico_float/float_aeabi_rp2040.S.o
                0x1000364c                __wrap___aeabi_f2iz
                0x1000364c                float2int_z
 *fill*         0x1000369a        0x2 
 .text.float2int
                0x1000369c       0x14 CMakeFiles/RPPicoDS_pico_sdk.dir/Users/hakankilicaslan/.pico-sdk/sdk/2.1.0/src/rp2_common/pico_float/float_aeabi_rp2040.S.o
                0x1000369c                float2int
 .text.__wrap___aeabi_f2uiz
                0x100036b0       0x10 CMakeFiles/RPPicoDS_pico_sdk.dir/Users/hakankilicaslan/.pico-sdk/sdk/2.1.0/src/rp2_common/pico_float/float_aeabi_rp2040.S.o
                0x100036b0                float2uint_z
                0x100036b0                __wrap___aeabi_f2uiz
 .text.__wrap___aeabi_f2d
                0x100036c0       0x14 CMakeFiles/RPPicoDS_pico_sdk.dir/Users/hakankilicaslan/.pico-sdk/sdk/2.1.0/src/rp2_common/pico_float/float_aeabi_rp2040.S.o
                0x100036c0                __wrap___aeabi_f2d
 .text.__aeabi_float_init
                0x100036d4       0xfc CMakeFiles/RPPicoDS_pico_sdk.dir/Users/hakankilicaslan/.pico-sdk/sdk/2.1.0/src/rp2_common/pico_float/float_init_rom_rp2040.c.o
                0x100036d4                __aeabi_float_init
 .text.float_table_shim_on_use_helper
                0x100037d0       0x34 CMakeFiles/RPPicoDS_pico_sdk.dir/Users/hakankilicaslan/.pico-sdk/sdk/2.1.0/src/rp2_common/pico_float/float_v1_rom_shim_rp2040.S.o
                0x100037d0                float_table_shim_on_use_helper
 .text.float232_shims
                0x10003804       0x18 CMakeFiles/RPPicoDS_pico_sdk.dir/Users/hakankilicaslan/.pico-sdk/sdk/2.1.0/src/rp2_common/pico_float/float_v1_rom_shim_rp2040.S.o
                0x10003804                float2int_shim
                0x10003806                float2fix_shim
 .text.float2double_shim
                0x1000381c       0x30 CMakeFiles/RPPicoDS_pico_sdk.dir/Users/hakankilicaslan/.pico-sdk/sdk/2.1.0/src/rp2_common/pico_float/float_v1_rom_shim_rp2040.S.o
                0x1000381c                float2double_shim
 .text          0x1000384c       0x10 CMakeFiles/RPPicoDS_pico_sdk.dir/Users/hakankilicaslan/.pico-sdk/sdk/2.1.0/src/rp2_common/pico_mem_ops/mem_ops_aeabi.S.o
                0x1000384c                __aeabi_mem_init
 .text.memset   0x1000385c        0xc CMakeFiles/RPPicoDS_pico_sdk.dir/Users/hakankilicaslan/.pico-sdk/sdk/2.1.0/src/rp2_common/pico_mem_ops/mem_ops_aeabi.S.o
                0x1000385c                __wrap_memset
 .text.memcpy   0x10003868        0xc CMakeFiles/RPPicoDS_pico_sdk.dir/Users/hakankilicaslan/.pico-sdk/sdk/2.1.0/src/rp2_common/pico_mem_ops/mem_ops_aeabi.S.o
                0x10003868                __wrap___aeabi_memcpy
                0x10003868                __wrap_memcpy
 .text._out_buffer
                0x10003874        0x8 CMakeFiles/RPPicoDS_pico_sdk.dir/Users/hakankilicaslan/.pico-sdk/sdk/2.1.0/src/rp2_common/pico_printf/printf.c.o
 .text._out_null
                0x1000387c        0x2 CMakeFiles/RPPicoDS_pico_sdk.dir/Users/hakankilicaslan/.pico-sdk/sdk/2.1.0/src/rp2_common/pico_printf/printf.c.o
 .text._out_fct
                0x1000387e        0xe CMakeFiles/RPPicoDS_pico_sdk.dir/Users/hakankilicaslan/.pico-sdk/sdk/2.1.0/src/rp2_common/pico_printf/printf.c.o
 .text._atoi    0x1000388c       0x24 CMakeFiles/RPPicoDS_pico_sdk.dir/Users/hakankilicaslan/.pico-sdk/sdk/2.1.0/src/rp2_common/pico_printf/printf.c.o
 .text._out_rev
                0x100038b0       0xae CMakeFiles/RPPicoDS_pico_sdk.dir/Users/hakankilicaslan/.pico-sdk/sdk/2.1.0/src/rp2_common/pico_printf/printf.c.o
 .text._ntoa_format
                0x1000395e      0x110 CMakeFiles/RPPicoDS_pico_sdk.dir/Users/hakankilicaslan/.pico-sdk/sdk/2.1.0/src/rp2_common/pico_printf/printf.c.o
 .text._ntoa_long
                0x10003a6e       0xbc CMakeFiles/RPPicoDS_pico_sdk.dir/Users/hakankilicaslan/.pico-sdk/sdk/2.1.0/src/rp2_common/pico_printf/printf.c.o
 .text._ntoa_long_long
                0x10003b2a      0x10e CMakeFiles/RPPicoDS_pico_sdk.dir/Users/hakankilicaslan/.pico-sdk/sdk/2.1.0/src/rp2_common/pico_printf/printf.c.o
 .text._etoa    0x10003c38      0x420 CMakeFiles/RPPicoDS_pico_sdk.dir/Users/hakankilicaslan/.pico-sdk/sdk/2.1.0/src/rp2_common/pico_printf/printf.c.o
 .text._ftoa    0x10004058      0x354 CMakeFiles/RPPicoDS_pico_sdk.dir/Users/hakankilicaslan/.pico-sdk/sdk/2.1.0/src/rp2_common/pico_printf/printf.c.o
 .text._vsnprintf
                0x100043ac      0x668 CMakeFiles/RPPicoDS_pico_sdk.dir/Users/hakankilicaslan/.pico-sdk/sdk/2.1.0/src/rp2_common/pico_printf/printf.c.o
 .text.__wrap_sprintf
                0x10004a14       0x2c CMakeFiles/RPPicoDS_pico_sdk.dir/Users/hakankilicaslan/.pico-sdk/sdk/2.1.0/src/rp2_common/pico_printf/printf.c.o
                0x10004a14                __wrap_sprintf
 .text.__wrap_snprintf
                0x10004a40       0x28 CMakeFiles/RPPicoDS_pico_sdk.dir/Users/hakankilicaslan/.pico-sdk/sdk/2.1.0/src/rp2_common/pico_printf/printf.c.o
                0x10004a40                __wrap_snprintf
 .text.vfctprintf
                0x10004a68       0x20 CMakeFiles/RPPicoDS_pico_sdk.dir/Users/hakankilicaslan/.pico-sdk/sdk/2.1.0/src/rp2_common/pico_printf/printf.c.o
                0x10004a68                vfctprintf
 .text._exit    0x10004a88        0x4 CMakeFiles/RPPicoDS_pico_sdk.dir/Users/hakankilicaslan/.pico-sdk/sdk/2.1.0/src/rp2_common/pico_clib_interface/newlib_interface.c.o
                0x10004a88                _exit
 .text.exit     0x10004a8c        0x6 CMakeFiles/RPPicoDS_pico_sdk.dir/Users/hakankilicaslan/.pico-sdk/sdk/2.1.0/src/rp2_common/pico_clib_interface/newlib_interface.c.o
                0x10004a8c                exit
 *fill*         0x10004a92        0x2 
 .text.__assert_func
                0x10004a94       0x38 CMakeFiles/RPPicoDS_pico_sdk.dir/Users/hakankilicaslan/.pico-sdk/sdk/2.1.0/src/rp2_common/pico_clib_interface/newlib_interface.c.o
                0x10004a94                __assert_func
 .text.runtime_init
                0x10004acc       0x28 CMakeFiles/RPPicoDS_pico_sdk.dir/Users/hakankilicaslan/.pico-sdk/sdk/2.1.0/src/rp2_common/pico_clib_interface/newlib_interface.c.o
                0x10004acc                runtime_init
 .text.stdio_out_chars_no_crlf
                0x10004af4        0xe CMakeFiles/RPPicoDS_pico_sdk.dir/Users/hakankilicaslan/.pico-sdk/sdk/2.1.0/src/rp2_common/pico_stdio/stdio.c.o
 *fill*         0x10004b02        0x2 
 .text.stdio_out_chars_crlf
                0x10004b04       0x80 CMakeFiles/RPPicoDS_pico_sdk.dir/Users/hakankilicaslan/.pico-sdk/sdk/2.1.0/src/rp2_common/pico_stdio/stdio.c.o
 .text.stdio_stack_buffer_flush
                0x10004b84       0x44 CMakeFiles/RPPicoDS_pico_sdk.dir/Users/hakankilicaslan/.pico-sdk/sdk/2.1.0/src/rp2_common/pico_stdio/stdio.c.o
 .text.stdio_buffered_printer
                0x10004bc8       0x20 CMakeFiles/RPPicoDS_pico_sdk.dir/Users/hakankilicaslan/.pico-sdk/sdk/2.1.0/src/rp2_common/pico_stdio/stdio.c.o
 .text.stdout_serialize_begin
                0x10004be8       0x30 CMakeFiles/RPPicoDS_pico_sdk.dir/Users/hakankilicaslan/.pico-sdk/sdk/2.1.0/src/rp2_common/pico_stdio/stdio.c.o
                0x10004be8                stdout_serialize_begin
 .text.stdout_serialize_end
                0x10004c18       0x10 CMakeFiles/RPPicoDS_pico_sdk.dir/Users/hakankilicaslan/.pico-sdk/sdk/2.1.0/src/rp2_common/pico_stdio/stdio.c.o
                0x10004c18                stdout_serialize_end
 .text.stdio_put_string
                0x10004c28       0x94 CMakeFiles/RPPicoDS_pico_sdk.dir/Users/hakankilicaslan/.pico-sdk/sdk/2.1.0/src/rp2_common/pico_stdio/stdio.c.o
                0x10004c28                stdio_put_string
 .text.stdio_set_driver_enabled
                0x10004cbc       0x2c CMakeFiles/RPPicoDS_pico_sdk.dir/Users/hakankilicaslan/.pico-sdk/sdk/2.1.0/src/rp2_common/pico_stdio/stdio.c.o
                0x10004cbc                stdio_set_driver_enabled
 .text.stdio_flush
                0x10004ce8       0x20 CMakeFiles/RPPicoDS_pico_sdk.dir/Users/hakankilicaslan/.pico-sdk/sdk/2.1.0/src/rp2_common/pico_stdio/stdio.c.o
                0x10004ce8                stdio_flush
 .text.stdio_init_all
                0x10004d08        0xe CMakeFiles/RPPicoDS_pico_sdk.dir/Users/hakankilicaslan/.pico-sdk/sdk/2.1.0/src/rp2_common/pico_stdio/stdio.c.o
                0x10004d08                stdio_init_all
 .text.__wrap_puts
                0x10004d16       0x1e CMakeFiles/RPPicoDS_pico_sdk.dir/Users/hakankilicaslan/.pico-sdk/sdk/2.1.0/src/rp2_common/pico_stdio/stdio.c.o
                0x10004d16                __wrap_puts
                0x10004d16                stdio_puts
 .text.__wrap_vprintf
                0x10004d34       0x40 CMakeFiles/RPPicoDS_pico_sdk.dir/Users/hakankilicaslan/.pico-sdk/sdk/2.1.0/src/rp2_common/pico_stdio/stdio.c.o
                0x10004d34                __wrap_vprintf
                0x10004d34                stdio_vprintf
 .text.__wrap_printf
                0x10004d74       0x18 CMakeFiles/RPPicoDS_pico_sdk.dir/Users/hakankilicaslan/.pico-sdk/sdk/2.1.0/src/rp2_common/pico_stdio/stdio.c.o
                0x10004d74                stdio_printf
                0x10004d74                __wrap_printf
 .text.uart_putc
                0x10004d8c       0x60 CMakeFiles/RPPicoDS_pico_sdk.dir/Users/hakankilicaslan/.pico-sdk/sdk/2.1.0/src/rp2_common/pico_stdio_uart/stdio_uart.c.o
 .text.uart_getc
                0x10004dec       0x24 CMakeFiles/RPPicoDS_pico_sdk.dir/Users/hakankilicaslan/.pico-sdk/sdk/2.1.0/src/rp2_common/pico_stdio_uart/stdio_uart.c.o
 .text.stdio_uart_out_chars
                0x10004e10       0x20 CMakeFiles/RPPicoDS_pico_sdk.dir/Users/hakankilicaslan/.pico-sdk/sdk/2.1.0/src/rp2_common/pico_stdio_uart/stdio_uart.c.o
 .text.stdio_uart_in_chars
                0x10004e30       0x5c CMakeFiles/RPPicoDS_pico_sdk.dir/Users/hakankilicaslan/.pico-sdk/sdk/2.1.0/src/rp2_common/pico_stdio_uart/stdio_uart.c.o
                0x10004e30                stdio_uart_in_chars
 .text.on_uart_rx
                0x10004e8c       0x28 CMakeFiles/RPPicoDS_pico_sdk.dir/Users/hakankilicaslan/.pico-sdk/sdk/2.1.0/src/rp2_common/pico_stdio_uart/stdio_uart.c.o
 .text.stdio_uart_out_flush
                0x10004eb4       0x10 CMakeFiles/RPPicoDS_pico_sdk.dir/Users/hakankilicaslan/.pico-sdk/sdk/2.1.0/src/rp2_common/pico_stdio_uart/stdio_uart.c.o
 .text.stdio_uart_set_chars_available_callback
                0x10004ec4       0x90 CMakeFiles/RPPicoDS_pico_sdk.dir/Users/hakankilicaslan/.pico-sdk/sdk/2.1.0/src/rp2_common/pico_stdio_uart/stdio_uart.c.o
 .text.stdio_uart_init_full
                0x10004f54       0x44 CMakeFiles/RPPicoDS_pico_sdk.dir/Users/hakankilicaslan/.pico-sdk/sdk/2.1.0/src/rp2_common/pico_stdio_uart/stdio_uart.c.o
                0x10004f54                stdio_uart_init_full
 .text.stdio_uart_init
                0x10004f98       0x30 CMakeFiles/RPPicoDS_pico_sdk.dir/Users/hakankilicaslan/.pico-sdk/sdk/2.1.0/src/rp2_common/pico_stdio_uart/stdio_uart.c.o
                0x10004f98                stdio_uart_init
 .text.resetd_init
                0x10004fc8        0x2 CMakeFiles/RPPicoDS_pico_sdk.dir/Users/hakankilicaslan/.pico-sdk/sdk/2.1.0/src/rp2_common/pico_stdio_usb/reset_interface.c.o
 *fill*         0x10004fca        0x2 
 .text.resetd_reset
                0x10004fcc        0xc CMakeFiles/RPPicoDS_pico_sdk.dir/Users/hakankilicaslan/.pico-sdk/sdk/2.1.0/src/rp2_common/pico_stdio_usb/reset_interface.c.o
 .text.resetd_open
                0x10004fd8       0x34 CMakeFiles/RPPicoDS_pico_sdk.dir/Users/hakankilicaslan/.pico-sdk/sdk/2.1.0/src/rp2_common/pico_stdio_usb/reset_interface.c.o
 .text.resetd_xfer_cb
                0x1000500c        0x4 CMakeFiles/RPPicoDS_pico_sdk.dir/Users/hakankilicaslan/.pico-sdk/sdk/2.1.0/src/rp2_common/pico_stdio_usb/reset_interface.c.o
 .text.resetd_control_xfer_cb
                0x10005010       0x60 CMakeFiles/RPPicoDS_pico_sdk.dir/Users/hakankilicaslan/.pico-sdk/sdk/2.1.0/src/rp2_common/pico_stdio_usb/reset_interface.c.o
 .text.tud_descriptor_bos_cb
                0x10005070        0x8 CMakeFiles/RPPicoDS_pico_sdk.dir/Users/hakankilicaslan/.pico-sdk/sdk/2.1.0/src/rp2_common/pico_stdio_usb/reset_interface.c.o
                0x10005070                tud_descriptor_bos_cb
 .text.tud_vendor_control_xfer_cb
                0x10005078       0x38 CMakeFiles/RPPicoDS_pico_sdk.dir/Users/hakankilicaslan/.pico-sdk/sdk/2.1.0/src/rp2_common/pico_stdio_usb/reset_interface.c.o
                0x10005078                tud_vendor_control_xfer_cb
 .text.usbd_app_driver_get_cb
                0x100050b0        0xc CMakeFiles/RPPicoDS_pico_sdk.dir/Users/hakankilicaslan/.pico-sdk/sdk/2.1.0/src/rp2_common/pico_stdio_usb/reset_interface.c.o
                0x100050b0                usbd_app_driver_get_cb
 .text.tud_cdc_line_coding_cb
                0x100050bc       0x2c CMakeFiles/RPPicoDS_pico_sdk.dir/Users/hakankilicaslan/.pico-sdk/sdk/2.1.0/src/rp2_common/pico_stdio_usb/reset_interface.c.o
                0x100050bc                tud_cdc_line_coding_cb
 .text.stdio_usb_set_chars_available_callback
                0x100050e8       0x14 CMakeFiles/RPPicoDS_pico_sdk.dir/Users/hakankilicaslan/.pico-sdk/sdk/2.1.0/src/rp2_common/pico_stdio_usb/stdio_usb.c.o
                0x100050e8                stdio_usb_set_chars_available_callback
 .text.stdio_usb_out_flush
                0x100050fc       0x4c CMakeFiles/RPPicoDS_pico_sdk.dir/Users/hakankilicaslan/.pico-sdk/sdk/2.1.0/src/rp2_common/pico_stdio_usb/stdio_usb.c.o
 .text.usb_irq  0x10005148       0x10 CMakeFiles/RPPicoDS_pico_sdk.dir/Users/hakankilicaslan/.pico-sdk/sdk/2.1.0/src/rp2_common/pico_stdio_usb/stdio_usb.c.o
 .text.critical_section_enter_blocking
                0x10005158       0x16 CMakeFiles/RPPicoDS_pico_sdk.dir/Users/hakankilicaslan/.pico-sdk/sdk/2.1.0/src/rp2_common/pico_stdio_usb/stdio_usb.c.o
 *fill*         0x1000516e        0x2 
 .text.timer_task
                0x10005170       0x60 CMakeFiles/RPPicoDS_pico_sdk.dir/Users/hakankilicaslan/.pico-sdk/sdk/2.1.0/src/rp2_common/pico_stdio_usb/stdio_usb.c.o
 .text.alarm_pool_add_alarm_in_us
                0x100051d0       0x40 CMakeFiles/RPPicoDS_pico_sdk.dir/Users/hakankilicaslan/.pico-sdk/sdk/2.1.0/src/rp2_common/pico_stdio_usb/stdio_usb.c.o
 .text.add_alarm_in_us
                0x10005210       0x2e CMakeFiles/RPPicoDS_pico_sdk.dir/Users/hakankilicaslan/.pico-sdk/sdk/2.1.0/src/rp2_common/pico_stdio_usb/stdio_usb.c.o
 *fill*         0x1000523e        0x2 
 .text.low_priority_worker_irq
                0x10005240       0xa0 CMakeFiles/RPPicoDS_pico_sdk.dir/Users/hakankilicaslan/.pico-sdk/sdk/2.1.0/src/rp2_common/pico_stdio_usb/stdio_usb.c.o
 .text.stdio_usb_init
                0x100052e0       0xdc CMakeFiles/RPPicoDS_pico_sdk.dir/Users/hakankilicaslan/.pico-sdk/sdk/2.1.0/src/rp2_common/pico_stdio_usb/stdio_usb.c.o
                0x100052e0                stdio_usb_init
 .text.stdio_usb_connected
                0x100053bc        0xa CMakeFiles/RPPicoDS_pico_sdk.dir/Users/hakankilicaslan/.pico-sdk/sdk/2.1.0/src/rp2_common/pico_stdio_usb/stdio_usb.c.o
                0x100053bc                stdio_usb_connected
 *fill*         0x100053c6        0x2 
 .text.stdio_usb_in_chars
                0x100053c8       0x98 CMakeFiles/RPPicoDS_pico_sdk.dir/Users/hakankilicaslan/.pico-sdk/sdk/2.1.0/src/rp2_common/pico_stdio_usb/stdio_usb.c.o
                0x100053c8                stdio_usb_in_chars
 .text.stdio_usb_out_chars
                0x10005460       0xe8 CMakeFiles/RPPicoDS_pico_sdk.dir/Users/hakankilicaslan/.pico-sdk/sdk/2.1.0/src/rp2_common/pico_stdio_usb/stdio_usb.c.o
 .text.tud_descriptor_device_cb
                0x10005548        0x8 CMakeFiles/RPPicoDS_pico_sdk.dir/Users/hakankilicaslan/.pico-sdk/sdk/2.1.0/src/rp2_common/pico_stdio_usb/stdio_usb_descriptors.c.o
                0x10005548                tud_descriptor_device_cb
 .text.tud_descriptor_configuration_cb
                0x10005550        0x8 CMakeFiles/RPPicoDS_pico_sdk.dir/Users/hakankilicaslan/.pico-sdk/sdk/2.1.0/src/rp2_common/pico_stdio_usb/stdio_usb_descriptors.c.o
                0x10005550                tud_descriptor_configuration_cb
 .text.tud_descriptor_string_cb
                0x10005558       0x6c CMakeFiles/RPPicoDS_pico_sdk.dir/Users/hakankilicaslan/.pico-sdk/sdk/2.1.0/src/rp2_common/pico_stdio_usb/stdio_usb_descriptors.c.o
                0x10005558                tud_descriptor_string_cb
 .text._retrieve_unique_id_on_boot
                0x100055c4       0x10 CMakeFiles/RPPicoDS_pico_sdk.dir/Users/hakankilicaslan/.pico-sdk/sdk/2.1.0/src/rp2_common/pico_unique_id/unique_id.c.o
 .text.pico_get_unique_board_id_string
                0x100055d4       0x5c CMakeFiles/RPPicoDS_pico_sdk.dir/Users/hakankilicaslan/.pico-sdk/sdk/2.1.0/src/rp2_common/pico_unique_id/unique_id.c.o
                0x100055d4                pico_get_unique_board_id_string
 .text.flash_get_unique_id
                0x10005630       0x40 CMakeFiles/RPPicoDS_pico_sdk.dir/Users/hakankilicaslan/.pico-sdk/sdk/2.1.0/src/rp2_common/hardware_flash/flash.c.o
                0x10005630                flash_get_unique_id
 .text._hw_endpoint_alloc
                0x10005670       0x70 CMakeFiles/RPPicoDS_pico_sdk.dir/Users/hakankilicaslan/.pico-sdk/sdk/2.1.0/lib/tinyusb/src/portable/raspberrypi/rp2040/dcd_rp2040.c.o
 .text.hw_endpoint_init
                0x100056e0       0xbc CMakeFiles/RPPicoDS_pico_sdk.dir/Users/hakankilicaslan/.pico-sdk/sdk/2.1.0/lib/tinyusb/src/portable/raspberrypi/rp2040/dcd_rp2040.c.o
 .text.hw_endpoint_xfer
                0x1000579c       0x20 CMakeFiles/RPPicoDS_pico_sdk.dir/Users/hakankilicaslan/.pico-sdk/sdk/2.1.0/lib/tinyusb/src/portable/raspberrypi/rp2040/dcd_rp2040.c.o
 .text.dcd_int_enable
                0x100057bc       0x2c CMakeFiles/RPPicoDS_pico_sdk.dir/Users/hakankilicaslan/.pico-sdk/sdk/2.1.0/lib/tinyusb/src/portable/raspberrypi/rp2040/dcd_rp2040.c.o
                0x100057bc                dcd_int_enable
 .text.dcd_set_address
                0x100057e8       0x2c CMakeFiles/RPPicoDS_pico_sdk.dir/Users/hakankilicaslan/.pico-sdk/sdk/2.1.0/lib/tinyusb/src/portable/raspberrypi/rp2040/dcd_rp2040.c.o
                0x100057e8                dcd_set_address
 .text.dcd_connect
                0x10005814       0x10 CMakeFiles/RPPicoDS_pico_sdk.dir/Users/hakankilicaslan/.pico-sdk/sdk/2.1.0/lib/tinyusb/src/portable/raspberrypi/rp2040/dcd_rp2040.c.o
                0x10005814                dcd_connect
 .text.dcd_init
                0x10005824       0x80 CMakeFiles/RPPicoDS_pico_sdk.dir/Users/hakankilicaslan/.pico-sdk/sdk/2.1.0/lib/tinyusb/src/portable/raspberrypi/rp2040/dcd_rp2040.c.o
                0x10005824                dcd_init
 .text.dcd_sof_enable
                0x100058a4       0x1c CMakeFiles/RPPicoDS_pico_sdk.dir/Users/hakankilicaslan/.pico-sdk/sdk/2.1.0/lib/tinyusb/src/portable/raspberrypi/rp2040/dcd_rp2040.c.o
                0x100058a4                dcd_sof_enable
 .text.dcd_edpt0_status_complete
                0x100058c0       0x1c CMakeFiles/RPPicoDS_pico_sdk.dir/Users/hakankilicaslan/.pico-sdk/sdk/2.1.0/lib/tinyusb/src/portable/raspberrypi/rp2040/dcd_rp2040.c.o
                0x100058c0                dcd_edpt0_status_complete
 .text.dcd_edpt_open
                0x100058dc       0x40 CMakeFiles/RPPicoDS_pico_sdk.dir/Users/hakankilicaslan/.pico-sdk/sdk/2.1.0/lib/tinyusb/src/portable/raspberrypi/rp2040/dcd_rp2040.c.o
                0x100058dc                dcd_edpt_open
 .text.dcd_edpt_close_all
                0x1000591c        0x8 CMakeFiles/RPPicoDS_pico_sdk.dir/Users/hakankilicaslan/.pico-sdk/sdk/2.1.0/lib/tinyusb/src/portable/raspberrypi/rp2040/dcd_rp2040.c.o
                0x1000591c                dcd_edpt_close_all
 .text.dcd_edpt_xfer
                0x10005924       0x30 CMakeFiles/RPPicoDS_pico_sdk.dir/Users/hakankilicaslan/.pico-sdk/sdk/2.1.0/lib/tinyusb/src/portable/raspberrypi/rp2040/dcd_rp2040.c.o
                0x10005924                dcd_edpt_xfer
 .text.dcd_edpt_stall
                0x10005954       0x3c CMakeFiles/RPPicoDS_pico_sdk.dir/Users/hakankilicaslan/.pico-sdk/sdk/2.1.0/lib/tinyusb/src/portable/raspberrypi/rp2040/dcd_rp2040.c.o
                0x10005954                dcd_edpt_stall
 .text.dcd_edpt_clear_stall
                0x10005990       0x30 CMakeFiles/RPPicoDS_pico_sdk.dir/Users/hakankilicaslan/.pico-sdk/sdk/2.1.0/lib/tinyusb/src/portable/raspberrypi/rp2040/dcd_rp2040.c.o
                0x10005990                dcd_edpt_clear_stall
 .text.unaligned_memcpy
                0x100059c0       0x14 CMakeFiles/RPPicoDS_pico_sdk.dir/Users/hakankilicaslan/.pico-sdk/sdk/2.1.0/lib/tinyusb/src/portable/raspberrypi/rp2040/rp2040_usb.c.o
 .text.rp2040_usb_init
                0x100059d4       0x44 CMakeFiles/RPPicoDS_pico_sdk.dir/Users/hakankilicaslan/.pico-sdk/sdk/2.1.0/lib/tinyusb/src/portable/raspberrypi/rp2040/rp2040_usb.c.o
                0x100059d4                rp2040_usb_init
 .text.hw_endpoint_xfer_start
                0x10005a18       0x60 CMakeFiles/RPPicoDS_pico_sdk.dir/Users/hakankilicaslan/.pico-sdk/sdk/2.1.0/lib/tinyusb/src/portable/raspberrypi/rp2040/rp2040_usb.c.o
                0x10005a18                hw_endpoint_xfer_start
 .text.configuration_reset
                0x10005a78       0x84 CMakeFiles/RPPicoDS_pico_sdk.dir/Users/hakankilicaslan/.pico-sdk/sdk/2.1.0/lib/tinyusb/src/device/usbd.c.o
 .text.critical_section_enter_blocking
                0x10005afc       0x16 CMakeFiles/RPPicoDS_pico_sdk.dir/Users/hakankilicaslan/.pico-sdk/sdk/2.1.0/lib/tinyusb/src/device/usbd.c.o
 .text.usbd_reset
                0x10005b12        0xc CMakeFiles/RPPicoDS_pico_sdk.dir/Users/hakankilicaslan/.pico-sdk/sdk/2.1.0/lib/tinyusb/src/device/usbd.c.o
 .text.invoke_class_control
                0x10005b1e       0x1a CMakeFiles/RPPicoDS_pico_sdk.dir/Users/hakankilicaslan/.pico-sdk/sdk/2.1.0/lib/tinyusb/src/device/usbd.c.o
 .text.process_set_config
                0x10005b38      0x1b0 CMakeFiles/RPPicoDS_pico_sdk.dir/Users/hakankilicaslan/.pico-sdk/sdk/2.1.0/lib/tinyusb/src/device/usbd.c.o
 .text.tud_event_hook_cb
                0x10005ce8        0x2 CMakeFiles/RPPicoDS_pico_sdk.dir/Users/hakankilicaslan/.pico-sdk/sdk/2.1.0/lib/tinyusb/src/device/usbd.c.o
                0x10005ce8                tud_event_hook_cb
 .text.tud_sof_cb
                0x10005cea        0x2 CMakeFiles/RPPicoDS_pico_sdk.dir/Users/hakankilicaslan/.pico-sdk/sdk/2.1.0/lib/tinyusb/src/device/usbd.c.o
                0x10005cea                tud_sof_cb
 .text.tud_descriptor_device_qualifier_cb
                0x10005cec        0x4 CMakeFiles/RPPicoDS_pico_sdk.dir/Users/hakankilicaslan/.pico-sdk/sdk/2.1.0/lib/tinyusb/src/device/usbd.c.o
                0x10005cec                tud_descriptor_device_qualifier_cb
 .text.tud_descriptor_other_speed_configuration_cb
                0x10005cf0        0x4 CMakeFiles/RPPicoDS_pico_sdk.dir/Users/hakankilicaslan/.pico-sdk/sdk/2.1.0/lib/tinyusb/src/device/usbd.c.o
                0x10005cf0                tud_descriptor_other_speed_configuration_cb
 .text.process_get_descriptor
                0x10005cf4       0xe0 CMakeFiles/RPPicoDS_pico_sdk.dir/Users/hakankilicaslan/.pico-sdk/sdk/2.1.0/lib/tinyusb/src/device/usbd.c.o
 .text.tud_mount_cb
                0x10005dd4        0x2 CMakeFiles/RPPicoDS_pico_sdk.dir/Users/hakankilicaslan/.pico-sdk/sdk/2.1.0/lib/tinyusb/src/device/usbd.c.o
                0x10005dd4                tud_mount_cb
 .text.tud_umount_cb
                0x10005dd6        0x2 CMakeFiles/RPPicoDS_pico_sdk.dir/Users/hakankilicaslan/.pico-sdk/sdk/2.1.0/lib/tinyusb/src/device/usbd.c.o
                0x10005dd6                tud_umount_cb
 .text.tud_suspend_cb
                0x10005dd8        0x2 CMakeFiles/RPPicoDS_pico_sdk.dir/Users/hakankilicaslan/.pico-sdk/sdk/2.1.0/lib/tinyusb/src/device/usbd.c.o
                0x10005dd8                tud_suspend_cb
 .text.tud_resume_cb
                0x10005dda        0x2 CMakeFiles/RPPicoDS_pico_sdk.dir/Users/hakankilicaslan/.pico-sdk/sdk/2.1.0/lib/tinyusb/src/device/usbd.c.o
                0x10005dda                tud_resume_cb
 .text.tud_mounted
                0x10005ddc       0x10 CMakeFiles/RPPicoDS_pico_sdk.dir/Users/hakankilicaslan/.pico-sdk/sdk/2.1.0/lib/tinyusb/src/device/usbd.c.o
                0x10005ddc                tud_mounted
 .text.tud_suspended
                0x10005dec       0x10 CMakeFiles/RPPicoDS_pico_sdk.dir/Users/hakankilicaslan/.pico-sdk/sdk/2.1.0/lib/tinyusb/src/device/usbd.c.o
                0x10005dec                tud_suspended
 .text.tud_inited
                0x10005dfc       0x14 CMakeFiles/RPPicoDS_pico_sdk.dir/Users/hakankilicaslan/.pico-sdk/sdk/2.1.0/lib/tinyusb/src/device/usbd.c.o
                0x10005dfc                tud_inited
 .text.tud_init
                0x10005e10       0xdc CMakeFiles/RPPicoDS_pico_sdk.dir/Users/hakankilicaslan/.pico-sdk/sdk/2.1.0/lib/tinyusb/src/device/usbd.c.o
                0x10005e10                tud_init
 .text.usbd_edpt_open
                0x10005eec       0x60 CMakeFiles/RPPicoDS_pico_sdk.dir/Users/hakankilicaslan/.pico-sdk/sdk/2.1.0/lib/tinyusb/src/device/usbd.c.o
                0x10005eec                usbd_edpt_open
 .text.usbd_open_edpt_pair
                0x10005f4c       0x88 CMakeFiles/RPPicoDS_pico_sdk.dir/Users/hakankilicaslan/.pico-sdk/sdk/2.1.0/lib/tinyusb/src/device/usbd.c.o
                0x10005f4c                usbd_open_edpt_pair
 .text.usbd_edpt_claim
                0x10005fd4       0x28 CMakeFiles/RPPicoDS_pico_sdk.dir/Users/hakankilicaslan/.pico-sdk/sdk/2.1.0/lib/tinyusb/src/device/usbd.c.o
                0x10005fd4                usbd_edpt_claim
 .text.usbd_edpt_release
                0x10005ffc       0x28 CMakeFiles/RPPicoDS_pico_sdk.dir/Users/hakankilicaslan/.pico-sdk/sdk/2.1.0/lib/tinyusb/src/device/usbd.c.o
                0x10005ffc                usbd_edpt_release
 .text.usbd_edpt_xfer
                0x10006024       0x88 CMakeFiles/RPPicoDS_pico_sdk.dir/Users/hakankilicaslan/.pico-sdk/sdk/2.1.0/lib/tinyusb/src/device/usbd.c.o
                0x10006024                usbd_edpt_xfer
 .text.usbd_edpt_stall
                0x100060ac       0x34 CMakeFiles/RPPicoDS_pico_sdk.dir/Users/hakankilicaslan/.pico-sdk/sdk/2.1.0/lib/tinyusb/src/device/usbd.c.o
                0x100060ac                usbd_edpt_stall
 .text.usbd_edpt_clear_stall
                0x100060e0       0x34 CMakeFiles/RPPicoDS_pico_sdk.dir/Users/hakankilicaslan/.pico-sdk/sdk/2.1.0/lib/tinyusb/src/device/usbd.c.o
                0x100060e0                usbd_edpt_clear_stall
 .text.usbd_edpt_stalled
                0x10006114       0x1c CMakeFiles/RPPicoDS_pico_sdk.dir/Users/hakankilicaslan/.pico-sdk/sdk/2.1.0/lib/tinyusb/src/device/usbd.c.o
                0x10006114                usbd_edpt_stalled
 .text.process_control_request
                0x10006130      0x390 CMakeFiles/RPPicoDS_pico_sdk.dir/Users/hakankilicaslan/.pico-sdk/sdk/2.1.0/lib/tinyusb/src/device/usbd.c.o
 .text.tud_task_ext
                0x100064c0      0x1c8 CMakeFiles/RPPicoDS_pico_sdk.dir/Users/hakankilicaslan/.pico-sdk/sdk/2.1.0/lib/tinyusb/src/device/usbd.c.o
                0x100064c0                tud_task_ext
 .text._status_stage_xact
                0x10006688       0x1a CMakeFiles/RPPicoDS_pico_sdk.dir/Users/hakankilicaslan/.pico-sdk/sdk/2.1.0/lib/tinyusb/src/device/usbd_control.c.o
 *fill*         0x100066a2        0x2 
 .text._data_stage_xact
                0x100066a4       0x60 CMakeFiles/RPPicoDS_pico_sdk.dir/Users/hakankilicaslan/.pico-sdk/sdk/2.1.0/lib/tinyusb/src/device/usbd_control.c.o
 .text.tud_control_status
                0x10006704       0x28 CMakeFiles/RPPicoDS_pico_sdk.dir/Users/hakankilicaslan/.pico-sdk/sdk/2.1.0/lib/tinyusb/src/device/usbd_control.c.o
                0x10006704                tud_control_status
 .text.tud_control_xfer
                0x1000672c       0x98 CMakeFiles/RPPicoDS_pico_sdk.dir/Users/hakankilicaslan/.pico-sdk/sdk/2.1.0/lib/tinyusb/src/device/usbd_control.c.o
                0x1000672c                tud_control_xfer
 .text.usbd_control_reset
                0x100067c4       0x14 CMakeFiles/RPPicoDS_pico_sdk.dir/Users/hakankilicaslan/.pico-sdk/sdk/2.1.0/lib/tinyusb/src/device/usbd_control.c.o
                0x100067c4                usbd_control_reset
 .text.usbd_control_set_complete_callback
                0x100067d8        0xc CMakeFiles/RPPicoDS_pico_sdk.dir/Users/hakankilicaslan/.pico-sdk/sdk/2.1.0/lib/tinyusb/src/device/usbd_control.c.o
                0x100067d8                usbd_control_set_complete_callback
 .text.usbd_control_set_request
                0x100067e4       0x1c CMakeFiles/RPPicoDS_pico_sdk.dir/Users/hakankilicaslan/.pico-sdk/sdk/2.1.0/lib/tinyusb/src/device/usbd_control.c.o
                0x100067e4                usbd_control_set_request
 .text.usbd_control_xfer_cb
                0x10006800       0xe0 CMakeFiles/RPPicoDS_pico_sdk.dir/Users/hakankilicaslan/.pico-sdk/sdk/2.1.0/lib/tinyusb/src/device/usbd_control.c.o
                0x10006800                usbd_control_xfer_cb
 .text._prep_out_transaction
                0x100068e0       0x72 CMakeFiles/RPPicoDS_pico_sdk.dir/Users/hakankilicaslan/.pico-sdk/sdk/2.1.0/lib/tinyusb/src/class/cdc/cdc_device.c.o
 *fill*         0x10006952        0x2 
 .text.tud_cdc_n_connected
                0x10006954       0x38 CMakeFiles/RPPicoDS_pico_sdk.dir/Users/hakankilicaslan/.pico-sdk/sdk/2.1.0/lib/tinyusb/src/class/cdc/cdc_device.c.o
                0x10006954                tud_cdc_n_connected
 .text.tud_cdc_n_available
                0x1000698c       0x18 CMakeFiles/RPPicoDS_pico_sdk.dir/Users/hakankilicaslan/.pico-sdk/sdk/2.1.0/lib/tinyusb/src/class/cdc/cdc_device.c.o
                0x1000698c                tud_cdc_n_available
 .text.tud_cdc_n_read
                0x100069a4       0x38 CMakeFiles/RPPicoDS_pico_sdk.dir/Users/hakankilicaslan/.pico-sdk/sdk/2.1.0/lib/tinyusb/src/class/cdc/cdc_device.c.o
                0x100069a4                tud_cdc_n_read
 .text.tud_cdc_n_write_flush
                0x100069dc       0xcc CMakeFiles/RPPicoDS_pico_sdk.dir/Users/hakankilicaslan/.pico-sdk/sdk/2.1.0/lib/tinyusb/src/class/cdc/cdc_device.c.o
                0x100069dc                tud_cdc_n_write_flush
 .text.tud_cdc_n_write
                0x10006aa8       0x48 CMakeFiles/RPPicoDS_pico_sdk.dir/Users/hakankilicaslan/.pico-sdk/sdk/2.1.0/lib/tinyusb/src/class/cdc/cdc_device.c.o
                0x10006aa8                tud_cdc_n_write
 .text.tud_cdc_n_write_available
                0x10006af0       0x1c CMakeFiles/RPPicoDS_pico_sdk.dir/Users/hakankilicaslan/.pico-sdk/sdk/2.1.0/lib/tinyusb/src/class/cdc/cdc_device.c.o
                0x10006af0                tud_cdc_n_write_available
 .text.cdcd_init
                0x10006b0c       0xc0 CMakeFiles/RPPicoDS_pico_sdk.dir/Users/hakankilicaslan/.pico-sdk/sdk/2.1.0/lib/tinyusb/src/class/cdc/cdc_device.c.o
                0x10006b0c                cdcd_init
 .text.cdcd_deinit
                0x10006bcc       0x50 CMakeFiles/RPPicoDS_pico_sdk.dir/Users/hakankilicaslan/.pico-sdk/sdk/2.1.0/lib/tinyusb/src/class/cdc/cdc_device.c.o
                0x10006bcc                cdcd_deinit
 .text.cdcd_reset
                0x10006c1c       0x78 CMakeFiles/RPPicoDS_pico_sdk.dir/Users/hakankilicaslan/.pico-sdk/sdk/2.1.0/lib/tinyusb/src/class/cdc/cdc_device.c.o
                0x10006c1c                cdcd_reset
 .text.cdcd_open
                0x10006c94       0xf0 CMakeFiles/RPPicoDS_pico_sdk.dir/Users/hakankilicaslan/.pico-sdk/sdk/2.1.0/lib/tinyusb/src/class/cdc/cdc_device.c.o
                0x10006c94                cdcd_open
 .text.cdcd_control_xfer_cb
                0x10006d84      0x138 CMakeFiles/RPPicoDS_pico_sdk.dir/Users/hakankilicaslan/.pico-sdk/sdk/2.1.0/lib/tinyusb/src/class/cdc/cdc_device.c.o
                0x10006d84                cdcd_control_xfer_cb
 .text.cdcd_xfer_cb
                0x10006ebc      0x144 CMakeFiles/RPPicoDS_pico_sdk.dir/Users/hakankilicaslan/.pico-sdk/sdk/2.1.0/lib/tinyusb/src/class/cdc/cdc_device.c.o
                0x10006ebc                cdcd_xfer_cb
 .text.tud_vendor_n_mounted
                0x10007000       0x40 CMakeFiles/RPPicoDS_pico_sdk.dir/Users/hakankilicaslan/.pico-sdk/sdk/2.1.0/lib/tinyusb/src/class/vendor/vendor_device.c.o
                0x10007000                tud_vendor_n_mounted
 .text.tud_vendor_n_write_flush
                0x10007040       0x24 CMakeFiles/RPPicoDS_pico_sdk.dir/Users/hakankilicaslan/.pico-sdk/sdk/2.1.0/lib/tinyusb/src/class/vendor/vendor_device.c.o
                0x10007040                tud_vendor_n_write_flush
 .text.vendord_init
                0x10007064       0x90 CMakeFiles/RPPicoDS_pico_sdk.dir/Users/hakankilicaslan/.pico-sdk/sdk/2.1.0/lib/tinyusb/src/class/vendor/vendor_device.c.o
                0x10007064                vendord_init
 .text.vendord_deinit
                0x100070f4       0x34 CMakeFiles/RPPicoDS_pico_sdk.dir/Users/hakankilicaslan/.pico-sdk/sdk/2.1.0/lib/tinyusb/src/class/vendor/vendor_device.c.o
                0x100070f4                vendord_deinit
 .text.vendord_reset
                0x10007128       0x38 CMakeFiles/RPPicoDS_pico_sdk.dir/Users/hakankilicaslan/.pico-sdk/sdk/2.1.0/lib/tinyusb/src/class/vendor/vendor_device.c.o
                0x10007128                vendord_reset
 .text.vendord_open
                0x10007160      0x164 CMakeFiles/RPPicoDS_pico_sdk.dir/Users/hakankilicaslan/.pico-sdk/sdk/2.1.0/lib/tinyusb/src/class/vendor/vendor_device.c.o
                0x10007160                vendord_open
 .text.vendord_xfer_cb
                0x100072c4       0xc0 CMakeFiles/RPPicoDS_pico_sdk.dir/Users/hakankilicaslan/.pico-sdk/sdk/2.1.0/lib/tinyusb/src/class/vendor/vendor_device.c.o
                0x100072c4                vendord_xfer_cb
 .text.tusb_init
                0x10007384       0x24 CMakeFiles/RPPicoDS_pico_sdk.dir/Users/hakankilicaslan/.pico-sdk/sdk/2.1.0/lib/tinyusb/src/tusb.c.o
                0x10007384                tusb_init
 .text.tu_edpt_claim
                0x100073a8       0x50 CMakeFiles/RPPicoDS_pico_sdk.dir/Users/hakankilicaslan/.pico-sdk/sdk/2.1.0/lib/tinyusb/src/tusb.c.o
                0x100073a8                tu_edpt_claim
 .text.tu_edpt_release
                0x100073f8       0x38 CMakeFiles/RPPicoDS_pico_sdk.dir/Users/hakankilicaslan/.pico-sdk/sdk/2.1.0/lib/tinyusb/src/tusb.c.o
                0x100073f8                tu_edpt_release
 .text.tu_edpt_validate
                0x10007430       0xac CMakeFiles/RPPicoDS_pico_sdk.dir/Users/hakankilicaslan/.pico-sdk/sdk/2.1.0/lib/tinyusb/src/tusb.c.o
                0x10007430                tu_edpt_validate
 .text.tu_edpt_bind_driver
                0x100074dc       0x26 CMakeFiles/RPPicoDS_pico_sdk.dir/Users/hakankilicaslan/.pico-sdk/sdk/2.1.0/lib/tinyusb/src/tusb.c.o
                0x100074dc                tu_edpt_bind_driver
 .text.tu_edpt_stream_init
                0x10007502       0x62 CMakeFiles/RPPicoDS_pico_sdk.dir/Users/hakankilicaslan/.pico-sdk/sdk/2.1.0/lib/tinyusb/src/tusb.c.o
                0x10007502                tu_edpt_stream_init
 .text.tu_edpt_stream_deinit
                0x10007564        0x4 CMakeFiles/RPPicoDS_pico_sdk.dir/Users/hakankilicaslan/.pico-sdk/sdk/2.1.0/lib/tinyusb/src/tusb.c.o
                0x10007564                tu_edpt_stream_deinit
 .text.tu_edpt_stream_write_zlp_if_needed
                0x10007568       0x80 CMakeFiles/RPPicoDS_pico_sdk.dir/Users/hakankilicaslan/.pico-sdk/sdk/2.1.0/lib/tinyusb/src/tusb.c.o
                0x10007568                tu_edpt_stream_write_zlp_if_needed
 .text.tu_edpt_stream_write_xfer
                0x100075e8       0x84 CMakeFiles/RPPicoDS_pico_sdk.dir/Users/hakankilicaslan/.pico-sdk/sdk/2.1.0/lib/tinyusb/src/tusb.c.o
                0x100075e8                tu_edpt_stream_write_xfer
 .text.tu_edpt_stream_read_xfer
                0x1000766c       0xf4 CMakeFiles/RPPicoDS_pico_sdk.dir/Users/hakankilicaslan/.pico-sdk/sdk/2.1.0/lib/tinyusb/src/tusb.c.o
                0x1000766c                tu_edpt_stream_read_xfer
 .text.advance_index
                0x10007760       0x1a CMakeFiles/RPPicoDS_pico_sdk.dir/Users/hakankilicaslan/.pico-sdk/sdk/2.1.0/lib/tinyusb/src/common/tusb_fifo.c.o
 .text._tu_fifo_peek
                0x1000777a       0x56 CMakeFiles/RPPicoDS_pico_sdk.dir/Users/hakankilicaslan/.pico-sdk/sdk/2.1.0/lib/tinyusb/src/common/tusb_fifo.c.o
 .text._ff_pull_n
                0x100077d0       0x68 CMakeFiles/RPPicoDS_pico_sdk.dir/Users/hakankilicaslan/.pico-sdk/sdk/2.1.0/lib/tinyusb/src/common/tusb_fifo.c.o
 .text._tu_fifo_peek_n
                0x10007838       0x6a CMakeFiles/RPPicoDS_pico_sdk.dir/Users/hakankilicaslan/.pico-sdk/sdk/2.1.0/lib/tinyusb/src/common/tusb_fifo.c.o
 .text._tu_fifo_read_n
                0x100078a2       0x4e CMakeFiles/RPPicoDS_pico_sdk.dir/Users/hakankilicaslan/.pico-sdk/sdk/2.1.0/lib/tinyusb/src/common/tusb_fifo.c.o
 .text._ff_push_n
                0x100078f0       0x68 CMakeFiles/RPPicoDS_pico_sdk.dir/Users/hakankilicaslan/.pico-sdk/sdk/2.1.0/lib/tinyusb/src/common/tusb_fifo.c.o
 .text._tu_fifo_write_n
                0x10007958       0xf0 CMakeFiles/RPPicoDS_pico_sdk.dir/Users/hakankilicaslan/.pico-sdk/sdk/2.1.0/lib/tinyusb/src/common/tusb_fifo.c.o
 .text.tu_fifo_config
                0x10007a48       0x7c CMakeFiles/RPPicoDS_pico_sdk.dir/Users/hakankilicaslan/.pico-sdk/sdk/2.1.0/lib/tinyusb/src/common/tusb_fifo.c.o
                0x10007a48                tu_fifo_config
 .text.tu_fifo_count
                0x10007ac4       0x2a CMakeFiles/RPPicoDS_pico_sdk.dir/Users/hakankilicaslan/.pico-sdk/sdk/2.1.0/lib/tinyusb/src/common/tusb_fifo.c.o
                0x10007ac4                tu_fifo_count
 .text.tu_fifo_empty
                0x10007aee        0xe CMakeFiles/RPPicoDS_pico_sdk.dir/Users/hakankilicaslan/.pico-sdk/sdk/2.1.0/lib/tinyusb/src/common/tusb_fifo.c.o
                0x10007aee                tu_fifo_empty
 .text.tu_fifo_full
                0x10007afc       0x28 CMakeFiles/RPPicoDS_pico_sdk.dir/Users/hakankilicaslan/.pico-sdk/sdk/2.1.0/lib/tinyusb/src/common/tusb_fifo.c.o
                0x10007afc                tu_fifo_full
 .text.tu_fifo_remaining
                0x10007b24       0x2c CMakeFiles/RPPicoDS_pico_sdk.dir/Users/hakankilicaslan/.pico-sdk/sdk/2.1.0/lib/tinyusb/src/common/tusb_fifo.c.o
                0x10007b24                tu_fifo_remaining
 .text.tu_fifo_read
                0x10007b50       0x42 CMakeFiles/RPPicoDS_pico_sdk.dir/Users/hakankilicaslan/.pico-sdk/sdk/2.1.0/lib/tinyusb/src/common/tusb_fifo.c.o
                0x10007b50                tu_fifo_read
 .text.tu_fifo_read_n
                0x10007b92        0xa CMakeFiles/RPPicoDS_pico_sdk.dir/Users/hakankilicaslan/.pico-sdk/sdk/2.1.0/lib/tinyusb/src/common/tusb_fifo.c.o
                0x10007b92                tu_fifo_read_n
 .text.tu_fifo_write
                0x10007b9c       0x64 CMakeFiles/RPPicoDS_pico_sdk.dir/Users/hakankilicaslan/.pico-sdk/sdk/2.1.0/lib/tinyusb/src/common/tusb_fifo.c.o
                0x10007b9c                tu_fifo_write
 .text.tu_fifo_write_n
                0x10007c00        0xa CMakeFiles/RPPicoDS_pico_sdk.dir/Users/hakankilicaslan/.pico-sdk/sdk/2.1.0/lib/tinyusb/src/common/tusb_fifo.c.o
                0x10007c00                tu_fifo_write_n
 .text.tu_fifo_clear
                0x10007c0a       0x3e CMakeFiles/RPPicoDS_pico_sdk.dir/Users/hakankilicaslan/.pico-sdk/sdk/2.1.0/lib/tinyusb/src/common/tusb_fifo.c.o
                0x10007c0a                tu_fifo_clear
 .text.tu_fifo_set_overwritable
                0x10007c48       0x46 CMakeFiles/RPPicoDS_pico_sdk.dir/Users/hakankilicaslan/.pico-sdk/sdk/2.1.0/lib/tinyusb/src/common/tusb_fifo.c.o
                0x10007c48                tu_fifo_set_overwritable
 *fill*         0x10007c8e        0x2 
 .text.i2c_unreset
                0x10007c90       0x2c CMakeFiles/RPPicoDS_pico_sdk.dir/Users/hakankilicaslan/.pico-sdk/sdk/2.1.0/src/rp2_common/hardware_i2c/i2c.c.o
 .text.i2c_write_blocking_internal
                0x10007cbc      0x158 CMakeFiles/RPPicoDS_pico_sdk.dir/Users/hakankilicaslan/.pico-sdk/sdk/2.1.0/src/rp2_common/hardware_i2c/i2c.c.o
 .text.i2c_set_baudrate
                0x10007e14       0xf0 CMakeFiles/RPPicoDS_pico_sdk.dir/Users/hakankilicaslan/.pico-sdk/sdk/2.1.0/src/rp2_common/hardware_i2c/i2c.c.o
                0x10007e14                i2c_set_baudrate
 .text.i2c_init
                0x10007f04       0x54 CMakeFiles/RPPicoDS_pico_sdk.dir/Users/hakankilicaslan/.pico-sdk/sdk/2.1.0/src/rp2_common/hardware_i2c/i2c.c.o
                0x10007f04                i2c_init
 .text.i2c_write_blocking
                0x10007f58       0x18 CMakeFiles/RPPicoDS_pico_sdk.dir/Users/hakankilicaslan/.pico-sdk/sdk/2.1.0/src/rp2_common/hardware_i2c/i2c.c.o
                0x10007f58                i2c_write_blocking
 .text.adc_init
                0x10007f70       0x34 CMakeFiles/RPPicoDS_pico_sdk.dir/Users/hakankilicaslan/.pico-sdk/sdk/2.1.0/src/rp2_common/hardware_adc/adc.c.o
                0x10007f70                adc_init
 .text.core1_trampoline
                0x10007fa4        0x2 CMakeFiles/RPPicoDS_pico_sdk.dir/Users/hakankilicaslan/.pico-sdk/sdk/2.1.0/src/rp2_common/pico_multicore/multicore.c.o
 .text.core1_wrapper
                0x10007fa6        0xc CMakeFiles/RPPicoDS_pico_sdk.dir/Users/hakankilicaslan/.pico-sdk/sdk/2.1.0/src/rp2_common/pico_multicore/multicore.c.o
                0x10007fa6                core1_wrapper
 .text.multicore_fifo_push_blocking
                0x10007fb2       0x14 CMakeFiles/RPPicoDS_pico_sdk.dir/Users/hakankilicaslan/.pico-sdk/sdk/2.1.0/src/rp2_common/pico_multicore/multicore.c.o
                0x10007fb2                multicore_fifo_push_blocking
 .text.multicore_fifo_pop_blocking
                0x10007fc6       0x16 CMakeFiles/RPPicoDS_pico_sdk.dir/Users/hakankilicaslan/.pico-sdk/sdk/2.1.0/src/rp2_common/pico_multicore/multicore.c.o
                0x10007fc6                multicore_fifo_pop_blocking
 .text.multicore_launch_core1_raw
                0x10007fdc       0x70 CMakeFiles/RPPicoDS_pico_sdk.dir/Users/hakankilicaslan/.pico-sdk/sdk/2.1.0/src/rp2_common/pico_multicore/multicore.c.o
                0x10007fdc                multicore_launch_core1_raw
 .text.multicore_launch_core1_with_stack
                0x1000804c       0x50 CMakeFiles/RPPicoDS_pico_sdk.dir/Users/hakankilicaslan/.pico-sdk/sdk/2.1.0/src/rp2_common/pico_multicore/multicore.c.o
                0x1000804c                multicore_launch_core1_with_stack
 .text.multicore_launch_core1
                0x1000809c       0x24 CMakeFiles/RPPicoDS_pico_sdk.dir/Users/hakankilicaslan/.pico-sdk/sdk/2.1.0/src/rp2_common/pico_multicore/multicore.c.o
                0x1000809c                multicore_launch_core1
 .text.strlen   0x100080c0       0x5c /Users/hakankilicaslan/.pico-sdk/toolchain/13_3_Rel1/bin/../lib/gcc/arm-none-eabi/13.3.1/../../../../arm-none-eabi/lib/thumb/v6-m/nofp/libg.a(libc_a-strlen-stub.o)
                0x100080c0                strlen
 *(.fini)
 .fini          0x1000811c        0x4 /Users/hakankilicaslan/.pico-sdk/toolchain/13_3_Rel1/bin/../lib/gcc/arm-none-eabi/13.3.1/thumb/v6-m/nofp/crti.o
                0x1000811c                _fini
 .fini.__stub   0x10008120       0xd0 linker stubs
 *crtbegin.o(.ctors)
 *crtbegin?.o(.ctors)
 *(EXCLUDE_FILE(*crtend.o *crtend?.o) .ctors)
 *(SORT_BY_NAME(.ctors.*))
 *(.ctors)
 *crtbegin.o(.dtors)
 *crtbegin?.o(.dtors)
 *(EXCLUDE_FILE(*crtend.o *crtend?.o) .dtors)
 *(SORT_BY_NAME(.dtors.*))
 *(.dtors)
                0x100081f0                        . = ALIGN (0x4)
                0x100081f0                        PROVIDE (__preinit_array_start = .)
 *(SORT_BY_NAME(.preinit_array.*))
 .preinit_array.00100
                0x100081f0        0x4 CMakeFiles/RPPicoDS_pico_sdk.dir/Users/hakankilicaslan/.pico-sdk/sdk/2.1.0/src/rp2_common/pico_runtime_init/runtime_init.c.o
                0x100081f0                __pre_init_runtime_init_early_resets
 .preinit_array.00101
                0x100081f4        0x4 CMakeFiles/RPPicoDS_pico_sdk.dir/Users/hakankilicaslan/.pico-sdk/sdk/2.1.0/src/rp2_common/pico_runtime_init/runtime_init.c.o
                0x100081f4                __pre_init_runtime_init_usb_power_down
 .preinit_array.00275
                0x100081f8        0x4 CMakeFiles/RPPicoDS_pico_sdk.dir/Users/hakankilicaslan/.pico-sdk/sdk/2.1.0/src/rp2_common/pico_bit_ops/bit_ops_aeabi.S.o
 .preinit_array.00300
                0x100081fc        0x4 CMakeFiles/RPPicoDS_pico_sdk.dir/Users/hakankilicaslan/.pico-sdk/sdk/2.1.0/src/rp2_common/pico_mem_ops/mem_ops_aeabi.S.o
 .preinit_array.00350
                0x10008200        0x4 CMakeFiles/RPPicoDS_pico_sdk.dir/Users/hakankilicaslan/.pico-sdk/sdk/2.1.0/src/rp2_common/pico_double/double_aeabi_rp2040.S.o
 .preinit_array.00350
                0x10008204        0x4 CMakeFiles/RPPicoDS_pico_sdk.dir/Users/hakankilicaslan/.pico-sdk/sdk/2.1.0/src/rp2_common/pico_float/float_aeabi_rp2040.S.o
 .preinit_array.00500
                0x10008208        0x4 CMakeFiles/RPPicoDS_pico_sdk.dir/Users/hakankilicaslan/.pico-sdk/sdk/2.1.0/src/rp2_common/pico_runtime_init/runtime_init.c.o
                0x10008208                __pre_init_runtime_init_clocks
 .preinit_array.00600
                0x1000820c        0x4 CMakeFiles/RPPicoDS_pico_sdk.dir/Users/hakankilicaslan/.pico-sdk/sdk/2.1.0/src/rp2_common/pico_runtime_init/runtime_init.c.o
                0x1000820c                __pre_init_runtime_init_post_clock_resets
 .preinit_array.00700
                0x10008210        0x4 CMakeFiles/RPPicoDS_pico_sdk.dir/Users/hakankilicaslan/.pico-sdk/sdk/2.1.0/src/rp2_common/pico_runtime_init/runtime_init.c.o
                0x10008210                __pre_init_runtime_init_rp2040_gpio_ie_disable
 .preinit_array.01000
                0x10008214        0x4 CMakeFiles/RPPicoDS_pico_sdk.dir/Users/hakankilicaslan/.pico-sdk/sdk/2.1.0/src/rp2_common/pico_runtime_init/runtime_init.c.o
                0x10008214                __pre_init_runtime_init_spin_locks_reset
 .preinit_array.01100
                0x10008218        0x4 CMakeFiles/RPPicoDS_pico_sdk.dir/Users/hakankilicaslan/.pico-sdk/sdk/2.1.0/src/common/pico_sync/mutex.c.o
                0x10008218                __pre_init_runtime_init_mutex
 .preinit_array.10080
                0x1000821c        0x4 CMakeFiles/RPPicoDS_pico_sdk.dir/Users/hakankilicaslan/.pico-sdk/sdk/2.1.0/src/rp2_common/pico_runtime_init/runtime_init.c.o
                0x1000821c                __pre_init_runtime_init_install_ram_vector_table
 .preinit_array.11000
                0x10008220        0x4 CMakeFiles/RPPicoDS_pico_sdk.dir/Users/hakankilicaslan/.pico-sdk/sdk/2.1.0/src/common/pico_time/time.c.o
                0x10008220                __pre_init_runtime_init_default_alarm_pool
 .preinit_array.YYYYY
                0x10008224        0x4 CMakeFiles/RPPicoDS_pico_sdk.dir/Users/hakankilicaslan/.pico-sdk/sdk/2.1.0/src/rp2_common/pico_runtime/runtime.c.o
                0x10008224                __pre_init_first_per_core_initializer
 .preinit_array.ZZZZZ.01200
                0x10008228        0x4 CMakeFiles/RPPicoDS_pico_sdk.dir/Users/hakankilicaslan/.pico-sdk/sdk/2.1.0/src/rp2_common/hardware_irq/irq.c.o
                0x10008228                __pre_init_runtime_init_per_core_irq_priorities
 *(.preinit_array)
                0x1000822c                        PROVIDE (__preinit_array_end = .)
                0x1000822c                        . = ALIGN (0x4)
                0x1000822c                        PROVIDE (__init_array_start = .)
 *(SORT_BY_NAME(.init_array.*))
 *(.init_array)
 .init_array    0x1000822c        0x4 /Users/hakankilicaslan/.pico-sdk/toolchain/13_3_Rel1/bin/../lib/gcc/arm-none-eabi/13.3.1/thumb/v6-m/nofp/crtbegin.o
 .init_array    0x10008230        0x4 CMakeFiles/RPPicoDS_pico_sdk.dir/Users/hakankilicaslan/.pico-sdk/sdk/2.1.0/src/rp2_common/pico_unique_id/unique_id.c.o
                0x10008234                        PROVIDE (__init_array_end = .)
                0x10008234                        . = ALIGN (0x4)
                [!provide]                        PROVIDE (__fini_array_start = .)
 *(SORT_BY_NAME(.fini_array.*))
 *(.fini_array)
                [!provide]                        PROVIDE (__fini_array_end = .)
 *(.eh_frame*)
 .eh_frame      0x10008234        0x0 /Users/hakankilicaslan/.pico-sdk/toolchain/13_3_Rel1/bin/../lib/gcc/arm-none-eabi/13.3.1/thumb/v6-m/nofp/crtbegin.o
                0x10008234                        . = ALIGN (0x4)

.glue_7         0x10008234        0x0
 .glue_7        0x10008234        0x0 linker stubs

.glue_7t        0x10008234        0x0
 .glue_7t       0x10008234        0x0 linker stubs

.vfp11_veneer   0x10008234        0x0
 .vfp11_veneer  0x10008234        0x0 linker stubs

.v4_bx          0x10008234        0x0
 .v4_bx         0x10008234        0x0 linker stubs

.iplt           0x10008234        0x0
 .iplt          0x10008234        0x0 /Users/hakankilicaslan/.pico-sdk/toolchain/13_3_Rel1/bin/../lib/gcc/arm-none-eabi/13.3.1/thumb/v6-m/nofp/crtbegin.o

.rodata         0x10008238     0x1808
 *(EXCLUDE_FILE(*libm.a: *libc.a:*lib_a-mem*.o *libgcc.a:) .rodata*)
 .rodata.write_analog_to_lcd.str1.4
                0x10008238      0xf25 CMakeFiles/RPPicoDS_pico_sdk.dir/main.c.o
                                  0x8 (size before relaxing)
 .rodata.display_keypad_value.str1.4
                0x1000915d        0xa CMakeFiles/RPPicoDS_pico_sdk.dir/main.c.o
 .rodata.display_potentiometer_value.str1.4
                0x1000915d        0x6 CMakeFiles/RPPicoDS_pico_sdk.dir/main.c.o
 .rodata.display_ldr_sensor_value.str1.4
                0x1000915d        0x6 CMakeFiles/RPPicoDS_pico_sdk.dir/main.c.o
 .rodata.main.str1.4
                0x1000915d       0x2b CMakeFiles/RPPicoDS_pico_sdk.dir/main.c.o
 .rodata.step_turn.str1.4
                0x1000915d       0x54 CMakeFiles/RPPicoDS_pico_sdk.dir/stepper.c.o
 *fill*         0x1000915d        0x3 
 .rodata.motor_pins
                0x10009160       0x10 CMakeFiles/RPPicoDS_pico_sdk.dir/stepper.c.o
 .rodata.step_sequence
                0x10009170       0x20 CMakeFiles/RPPicoDS_pico_sdk.dir/stepper.c.o
 .rodata.gpio_add_raw_irq_handler_with_order_priority_masked.str1.4